###############################################################################
#
# IAR ELF Linker V8.40.2.214/W32 for ARM                  13/Nov/2019  11:35:31
# Copyright 2007-2019 IAR Systems AB.
#
#    Output file  =
#        C:\Users\Ben\Desktop\Software\EvalBoards\TI\LM3S9B92-EVALBOT\IAR\uCOS-III-CE4053_PG\Flash\Exe\uCOS-III-Ex4.out
#    Map file     =
#        C:\Users\Ben\Desktop\Software\EvalBoards\TI\LM3S9B92-EVALBOT\IAR\uCOS-III-CE4053_PG\Flash\List\uCOS-III-Ex4.map
#    Command line =
#        -f C:\Users\Ben\AppData\Local\Temp\EW16B7.tmp
#        (C:\Users\Ben\Desktop\Software\EvalBoards\TI\LM3S9B92-EVALBOT\IAR\uCOS-III-CE4053_PG\Flash\Obj\adc.o
#        C:\Users\Ben\Desktop\Software\EvalBoards\TI\LM3S9B92-EVALBOT\IAR\uCOS-III-CE4053_PG\Flash\Obj\app.o
#        C:\Users\Ben\Desktop\Software\EvalBoards\TI\LM3S9B92-EVALBOT\IAR\uCOS-III-CE4053_PG\Flash\Obj\app_vect.o
#        C:\Users\Ben\Desktop\Software\EvalBoards\TI\LM3S9B92-EVALBOT\IAR\uCOS-III-CE4053_PG\Flash\Obj\binaryHeap.o
#        C:\Users\Ben\Desktop\Software\EvalBoards\TI\LM3S9B92-EVALBOT\IAR\uCOS-III-CE4053_PG\Flash\Obj\bsp.o
#        C:\Users\Ben\Desktop\Software\EvalBoards\TI\LM3S9B92-EVALBOT\IAR\uCOS-III-CE4053_PG\Flash\Obj\bsp_dac.o
#        C:\Users\Ben\Desktop\Software\EvalBoards\TI\LM3S9B92-EVALBOT\IAR\uCOS-III-CE4053_PG\Flash\Obj\bsp_display.o
#        C:\Users\Ben\Desktop\Software\EvalBoards\TI\LM3S9B92-EVALBOT\IAR\uCOS-III-CE4053_PG\Flash\Obj\bsp_int.o
#        C:\Users\Ben\Desktop\Software\EvalBoards\TI\LM3S9B92-EVALBOT\IAR\uCOS-III-CE4053_PG\Flash\Obj\bsp_io.o
#        C:\Users\Ben\Desktop\Software\EvalBoards\TI\LM3S9B92-EVALBOT\IAR\uCOS-III-CE4053_PG\Flash\Obj\bsp_motor.o
#        C:\Users\Ben\Desktop\Software\EvalBoards\TI\LM3S9B92-EVALBOT\IAR\uCOS-III-CE4053_PG\Flash\Obj\bsp_sensors.o
#        C:\Users\Ben\Desktop\Software\EvalBoards\TI\LM3S9B92-EVALBOT\IAR\uCOS-III-CE4053_PG\Flash\Obj\can.o
#        C:\Users\Ben\Desktop\Software\EvalBoards\TI\LM3S9B92-EVALBOT\IAR\uCOS-III-CE4053_PG\Flash\Obj\comp.o
#        C:\Users\Ben\Desktop\Software\EvalBoards\TI\LM3S9B92-EVALBOT\IAR\uCOS-III-CE4053_PG\Flash\Obj\cpu_.o
#        C:\Users\Ben\Desktop\Software\EvalBoards\TI\LM3S9B92-EVALBOT\IAR\uCOS-III-CE4053_PG\Flash\Obj\cpu_a.o
#        C:\Users\Ben\Desktop\Software\EvalBoards\TI\LM3S9B92-EVALBOT\IAR\uCOS-III-CE4053_PG\Flash\Obj\cpu_bsp.o
#        C:\Users\Ben\Desktop\Software\EvalBoards\TI\LM3S9B92-EVALBOT\IAR\uCOS-III-CE4053_PG\Flash\Obj\cpu_c.o
#        C:\Users\Ben\Desktop\Software\EvalBoards\TI\LM3S9B92-EVALBOT\IAR\uCOS-III-CE4053_PG\Flash\Obj\cpu_core.o
#        C:\Users\Ben\Desktop\Software\EvalBoards\TI\LM3S9B92-EVALBOT\IAR\uCOS-III-CE4053_PG\Flash\Obj\epi.o
#        C:\Users\Ben\Desktop\Software\EvalBoards\TI\LM3S9B92-EVALBOT\IAR\uCOS-III-CE4053_PG\Flash\Obj\ethernet.o
#        C:\Users\Ben\Desktop\Software\EvalBoards\TI\LM3S9B92-EVALBOT\IAR\uCOS-III-CE4053_PG\Flash\Obj\fatfs.o
#        C:\Users\Ben\Desktop\Software\EvalBoards\TI\LM3S9B92-EVALBOT\IAR\uCOS-III-CE4053_PG\Flash\Obj\flash.o
#        C:\Users\Ben\Desktop\Software\EvalBoards\TI\LM3S9B92-EVALBOT\IAR\uCOS-III-CE4053_PG\Flash\Obj\gpio.o
#        C:\Users\Ben\Desktop\Software\EvalBoards\TI\LM3S9B92-EVALBOT\IAR\uCOS-III-CE4053_PG\Flash\Obj\hibernate.o
#        C:\Users\Ben\Desktop\Software\EvalBoards\TI\LM3S9B92-EVALBOT\IAR\uCOS-III-CE4053_PG\Flash\Obj\i2c.o
#        C:\Users\Ben\Desktop\Software\EvalBoards\TI\LM3S9B92-EVALBOT\IAR\uCOS-III-CE4053_PG\Flash\Obj\i2s.o
#        C:\Users\Ben\Desktop\Software\EvalBoards\TI\LM3S9B92-EVALBOT\IAR\uCOS-III-CE4053_PG\Flash\Obj\interrupt.o
#        C:\Users\Ben\Desktop\Software\EvalBoards\TI\LM3S9B92-EVALBOT\IAR\uCOS-III-CE4053_PG\Flash\Obj\lib_ascii.o
#        C:\Users\Ben\Desktop\Software\EvalBoards\TI\LM3S9B92-EVALBOT\IAR\uCOS-III-CE4053_PG\Flash\Obj\lib_math.o
#        C:\Users\Ben\Desktop\Software\EvalBoards\TI\LM3S9B92-EVALBOT\IAR\uCOS-III-CE4053_PG\Flash\Obj\lib_mem.o
#        C:\Users\Ben\Desktop\Software\EvalBoards\TI\LM3S9B92-EVALBOT\IAR\uCOS-III-CE4053_PG\Flash\Obj\lib_str.o
#        C:\Users\Ben\Desktop\Software\EvalBoards\TI\LM3S9B92-EVALBOT\IAR\uCOS-III-CE4053_PG\Flash\Obj\microsd.o
#        C:\Users\Ben\Desktop\Software\EvalBoards\TI\LM3S9B92-EVALBOT\IAR\uCOS-III-CE4053_PG\Flash\Obj\mpu.o
#        C:\Users\Ben\Desktop\Software\EvalBoards\TI\LM3S9B92-EVALBOT\IAR\uCOS-III-CE4053_PG\Flash\Obj\os_app_hooks.o
#        C:\Users\Ben\Desktop\Software\EvalBoards\TI\LM3S9B92-EVALBOT\IAR\uCOS-III-CE4053_PG\Flash\Obj\os_cfg_app.o
#        C:\Users\Ben\Desktop\Software\EvalBoards\TI\LM3S9B92-EVALBOT\IAR\uCOS-III-CE4053_PG\Flash\Obj\os_core.o
#        C:\Users\Ben\Desktop\Software\EvalBoards\TI\LM3S9B92-EVALBOT\IAR\uCOS-III-CE4053_PG\Flash\Obj\os_cpu_a.o
#        C:\Users\Ben\Desktop\Software\EvalBoards\TI\LM3S9B92-EVALBOT\IAR\uCOS-III-CE4053_PG\Flash\Obj\os_cpu_c.o
#        C:\Users\Ben\Desktop\Software\EvalBoards\TI\LM3S9B92-EVALBOT\IAR\uCOS-III-CE4053_PG\Flash\Obj\os_dbg.o
#        C:\Users\Ben\Desktop\Software\EvalBoards\TI\LM3S9B92-EVALBOT\IAR\uCOS-III-CE4053_PG\Flash\Obj\os_flag.o
#        C:\Users\Ben\Desktop\Software\EvalBoards\TI\LM3S9B92-EVALBOT\IAR\uCOS-III-CE4053_PG\Flash\Obj\os_int.o
#        C:\Users\Ben\Desktop\Software\EvalBoards\TI\LM3S9B92-EVALBOT\IAR\uCOS-III-CE4053_PG\Flash\Obj\os_mem.o
#        C:\Users\Ben\Desktop\Software\EvalBoards\TI\LM3S9B92-EVALBOT\IAR\uCOS-III-CE4053_PG\Flash\Obj\os_msg.o
#        C:\Users\Ben\Desktop\Software\EvalBoards\TI\LM3S9B92-EVALBOT\IAR\uCOS-III-CE4053_PG\Flash\Obj\os_mutex.o
#        C:\Users\Ben\Desktop\Software\EvalBoards\TI\LM3S9B92-EVALBOT\IAR\uCOS-III-CE4053_PG\Flash\Obj\os_pend_multi.o
#        C:\Users\Ben\Desktop\Software\EvalBoards\TI\LM3S9B92-EVALBOT\IAR\uCOS-III-CE4053_PG\Flash\Obj\os_prio.o
#        C:\Users\Ben\Desktop\Software\EvalBoards\TI\LM3S9B92-EVALBOT\IAR\uCOS-III-CE4053_PG\Flash\Obj\os_q.o
#        C:\Users\Ben\Desktop\Software\EvalBoards\TI\LM3S9B92-EVALBOT\IAR\uCOS-III-CE4053_PG\Flash\Obj\OS_RecTaskServices.o
#        C:\Users\Ben\Desktop\Software\EvalBoards\TI\LM3S9B92-EVALBOT\IAR\uCOS-III-CE4053_PG\Flash\Obj\os_sem.o
#        C:\Users\Ben\Desktop\Software\EvalBoards\TI\LM3S9B92-EVALBOT\IAR\uCOS-III-CE4053_PG\Flash\Obj\os_stat.o
#        C:\Users\Ben\Desktop\Software\EvalBoards\TI\LM3S9B92-EVALBOT\IAR\uCOS-III-CE4053_PG\Flash\Obj\os_task.o
#        C:\Users\Ben\Desktop\Software\EvalBoards\TI\LM3S9B92-EVALBOT\IAR\uCOS-III-CE4053_PG\Flash\Obj\os_tick.o
#        C:\Users\Ben\Desktop\Software\EvalBoards\TI\LM3S9B92-EVALBOT\IAR\uCOS-III-CE4053_PG\Flash\Obj\os_time.o
#        C:\Users\Ben\Desktop\Software\EvalBoards\TI\LM3S9B92-EVALBOT\IAR\uCOS-III-CE4053_PG\Flash\Obj\os_tmr.o
#        C:\Users\Ben\Desktop\Software\EvalBoards\TI\LM3S9B92-EVALBOT\IAR\uCOS-III-CE4053_PG\Flash\Obj\os_var.o
#        C:\Users\Ben\Desktop\Software\EvalBoards\TI\LM3S9B92-EVALBOT\IAR\uCOS-III-CE4053_PG\Flash\Obj\pwm.o
#        C:\Users\Ben\Desktop\Software\EvalBoards\TI\LM3S9B92-EVALBOT\IAR\uCOS-III-CE4053_PG\Flash\Obj\qei.o
#        C:\Users\Ben\Desktop\Software\EvalBoards\TI\LM3S9B92-EVALBOT\IAR\uCOS-III-CE4053_PG\Flash\Obj\rbTree.o
#        C:\Users\Ben\Desktop\Software\EvalBoards\TI\LM3S9B92-EVALBOT\IAR\uCOS-III-CE4053_PG\Flash\Obj\SCPImplementation.o
#        C:\Users\Ben\Desktop\Software\EvalBoards\TI\LM3S9B92-EVALBOT\IAR\uCOS-III-CE4053_PG\Flash\Obj\ssi.o
#        C:\Users\Ben\Desktop\Software\EvalBoards\TI\LM3S9B92-EVALBOT\IAR\uCOS-III-CE4053_PG\Flash\Obj\sysctl.o
#        C:\Users\Ben\Desktop\Software\EvalBoards\TI\LM3S9B92-EVALBOT\IAR\uCOS-III-CE4053_PG\Flash\Obj\systick.o
#        C:\Users\Ben\Desktop\Software\EvalBoards\TI\LM3S9B92-EVALBOT\IAR\uCOS-III-CE4053_PG\Flash\Obj\timer.o
#        C:\Users\Ben\Desktop\Software\EvalBoards\TI\LM3S9B92-EVALBOT\IAR\uCOS-III-CE4053_PG\Flash\Obj\uart.o
#        C:\Users\Ben\Desktop\Software\EvalBoards\TI\LM3S9B92-EVALBOT\IAR\uCOS-III-CE4053_PG\Flash\Obj\udma.o
#        C:\Users\Ben\Desktop\Software\EvalBoards\TI\LM3S9B92-EVALBOT\IAR\uCOS-III-CE4053_PG\Flash\Obj\usb.o
#        C:\Users\Ben\Desktop\Software\EvalBoards\TI\LM3S9B92-EVALBOT\IAR\uCOS-III-CE4053_PG\Flash\Obj\watchdog.o
#        --redirect _Printf=_PrintfFull --redirect _Scanf=_ScanfFull
#        --no_out_extension -o
#        C:\Users\Ben\Desktop\Software\EvalBoards\TI\LM3S9B92-EVALBOT\IAR\uCOS-III-CE4053_PG\Flash\Exe\uCOS-III-Ex4.out
#        --map
#        C:\Users\Ben\Desktop\Software\EvalBoards\TI\LM3S9B92-EVALBOT\IAR\uCOS-III-CE4053_PG\Flash\List\uCOS-III-Ex4.map
#        --config
#        C:\Users\Ben\Desktop\Software\EvalBoards\TI\LM3S9B92-EVALBOT\IAR\uCOS-III-CE4053_PG\..\BSP\LM3S9B92_Flash.icf
#        --semihosting --entry __iar_program_start --vfe --text_out locale)
#
###############################################################################

*******************************************************************************
*** MESSAGES
***

Warning[Lt009]: Inconsistent wchar_t size
            adc.o and 34 other objects have wchar_t size 16 bits
            app.o and 93 other objects, some of them in dl7M_tlf.a and 22 other
                      libraries have wchar_t size 32 bits


*******************************************************************************
*** RUNTIME MODEL ATTRIBUTES
***

CppFlavor       = *
__Heap_Handler  = Basic
__SystemLibrary = DLib
__dlib_version  = 6


*******************************************************************************
*** HEAP SELECTION
***

The basic heap was selected because no calls to memory allocation
functions were found in the application outside of system library
functions, and there are calls to deallocation functions in the
application.


*******************************************************************************
*** PLACEMENT SUMMARY
***

"A0":  place at start of [from 0x0 to 0x3'ffff] { ro section .intvec };
"P1":  place in [from 0x0 to 0x3'ffff] { ro };
"P2":  place in [from 0x0 to 0x3'ffff] { section wave_1 };
"P3":  place in [from 0x0 to 0x3'ffff] { section wave_2 };
"P4":  place in [from 0x0 to 0x3'ffff] { section wave_3 };
"P5":  place in [from 0x0 to 0x3'ffff] { section wave_4 };
"P6":  place in [from 0x0 to 0x3'ffff] { section wave_5 };
define block HEAP with size = 0, alignment = 8 { };
define block CSTACK with size = 1K, alignment = 8 { };
"P7":  place in [from 0x2000'0000 to 0x2001'7fff] {
          rw, block HEAP, block CSTACK };
initialize by copy { rw };

No sections matched the following patterns:

  section wave_1  in "P1-P6"
  section wave_2  in "P1-P6"
  section wave_3  in "P1-P6"
  section wave_4  in "P1-P6"
  section wave_5  in "P1-P6"


  Section            Kind         Address    Size  Object
  -------            ----         -------    ----  ------
"A0":                                       0x11c
  .intvec            const            0x0   0x11c  app_vect.o [1]
                                  - 0x11c   0x11c

"P1-P6":                                   0x81ee
  .text              ro code        0x11c  0x10c6  xprintffull.o [2]
  .text              ro code       0x11e2    0x3a  zero_init3.o [4]
  .text              ro code       0x121c    0x7c  xlocale_c.o [2]
  .text              ro code       0x1298    0x16  strchr.o [4]
  .text              ro code       0x12ae    0x1e  xencoding_8859_1.o [2]
  .text              ro code       0x12cc    0x40  xfail_s.o [2]
  .text              ro code       0x130c    0x36  strlen.o [4]
  .rodata            const         0x1342     0x2  os_cfg_app.o [1]
  .text              ro code       0x1344    0x58  memchr.o [4]
  .text              ro code       0x139c    0xa6  ABImemcpy.o [4]
  .rodata            const         0x1442     0x2  os_cfg_app.o [1]
  .text              ro code       0x1444    0x70  frexp.o [3]
  .text              ro code       0x14b4    0x2e  DblCmpLe.o [3]
  .rodata            const         0x14e2     0x2  os_cfg_app.o [1]
  .text              ro code       0x14e4    0x2e  DblCmpGe.o [3]
  .rodata            const         0x1512     0x2  os_dbg.o [1]
  .text              ro code       0x1514   0x13a  ldexp.o [3]
  .rodata            const         0x164e     0x2  os_dbg.o [1]
  .text              ro code       0x1650    0x3a  DblToS32.o [3]
  .rodata            const         0x168a     0x2  os_dbg.o [1]
  .text              ro code       0x168c    0x22  S32ToDbl.o [3]
  .rodata            const         0x16ae     0x2  os_dbg.o [1]
  .text              ro code       0x16b0    0xe2  DblSub.o [3]
  .rodata            const         0x1792     0x2  os_dbg.o [1]
  .text              ro code       0x1794   0x246  DblDiv.o [3]
  .rodata            const         0x19da     0x2  os_dbg.o [1]
  .text              ro code       0x19dc    0x28  DblToU32.o [3]
  .text              ro code       0x1a04    0x1a  U32ToDbl.o [3]
  .rodata            const         0x1a1e     0x2  os_dbg.o [1]
  .text              ro code       0x1a20   0x1a2  DblMul.o [3]
  .text              ro code       0x1bc2     0xa  xmbcurmax.o [2]
  .text              ro code       0x1bcc   0x230  I64DivMod.o [4]
  .text              ro code       0x1dfc     0x6  abort.o [2]
  .rodata            const         0x1e02     0x2  os_dbg.o [1]
  .text              ro code       0x1e04   0x16a  DblAdd.o [3]
  .rodata            const         0x1f6e     0x2  os_dbg.o [1]
  .text              ro code       0x1f70     0x2  I64DivZer.o [4]
  .rodata            const         0x1f72     0x2  os_dbg.o [1]
  .text              ro code       0x1f74    0x14  exit.o [5]
  .text              ro code       0x1f88    0x7c  iarttio.o [5]
  .text              ro code       0x2004    0x3c  XShttio.o [2]
  .text              ro code       0x2040   0xa7e  os_core.o [1]
  .rodata            const         0x2abe     0x2  os_dbg.o [1]
  .text              ro code       0x2ac0   0x1ec  os_cpu_c.o [1]
  .text              ro code       0x2cac    0x90  os_prio.o [1]
  .text              ro code       0x2d3c   0x9b8  os_task.o [1]
  .text              ro code       0x36f4   0x3e0  os_tick.o [1]
  .text              ro code       0x3ad4    0x1c  os_flag.o [1]
  .text              ro code       0x3af0    0xe0  os_msg.o [1]
  .text              ro code       0x3bd0    0x1c  os_mutex.o [1]
  .text              ro code       0x3bec    0xc8  os_q.o [1]
  .text              ro code       0x3cb4    0x1c  os_sem.o [1]
  .text              ro code       0x3cd0   0x2dc  os_tmr.o [1]
  .text              ro code       0x3fac   0x1a0  os_dbg.o [1]
  .text              ro code       0x414c    0xac  os_cfg_app.o [1]
  CODE               ro code       0x41f8    0x2a  cpu_a.o [1]
  .rodata            const         0x4222     0x2  os_dbg.o [1]
  .text              ro code       0x4224   0x188  cpu_core.o [1]
  CODE               ro code       0x43ac    0x84  os_cpu_a.o [1]
  .text              ro code       0x4430   0x4ec  binaryHeap.o [1]
  .text              ro code       0x491c    0x28  cpu_bsp.o [1]
  .text              ro code       0x4944    0x5c  os_time.o [1]
  .text              ro code       0x49a0   0x3d4  OS_RecTaskServices.o [1]
  .text              ro code       0x4d74    0x60  lib_mem.o [1]
  .text              ro code       0x4dd4    0x28  printf.o [2]
  .text              ro code       0x4dfc    0xa8  bsp.o [1]
  .text              ro code       0x4ea4   0x394  SCPImplementation.o [1]
  .text              ro code       0x5238   0x490  sysctl.o [1]
  .text              ro code       0x56c8   0x24e  bsp_int.o [1]
  .rodata            const         0x5916     0x2  os_dbg.o [1]
  .text              ro code       0x5918   0x334  bsp_display.o [1]
  .text              ro code       0x5c4c    0xa0  bsp_io.o [1]
  .text              ro code       0x5cec   0x154  bsp_sensors.o [1]
  .text              ro code       0x5e40   0x1f8  bsp_motor.o [1]
  .text              ro code       0x6038   0x488  rbTree.o [1]
  .text              ro code       0x64c0   0x138  cpu_c.o [1]
  .text              ro code       0x65f8    0xac  i2c.o [1]
  .text              ro code       0x66a4   0x2d0  gpio.o [1]
  .text              ro code       0x6974    0x98  pwm.o [1]
  .text              ro code       0x6a0c   0x630  app.o [1]
  .text              ro code       0x703c    0x40  ethernet.o [1]
  .rodata            const         0x707c   0x1dc  bsp_display.o [1]
  .text              ro code       0x7258   0x138  heap0.o [2]
  .text              ro code       0x7390    0x2c  xgetmemchunk.o [2]
  .text              ro code       0x73bc    0xd8  xfspos.o [2]
  .text              ro code       0x7494    0xac  fflush.o [2]
  .text              ro code       0x7540     0xc  xfgpos.o [2]
  .text              ro code       0x754c    0x4a  lseek.o [5]
  .text              ro code       0x7596    0x10  write.o [5]
  .rodata            const         0x75a6     0x2  os_dbg.o [1]
  .text              ro code       0x75a8    0xcc  XShHandles.o [2]
  .text              ro code       0x7674    0x1e  dwrite.o [5]
  .text              ro code       0x7692    0x20  iarwstd.o [5]
  .text              ro code       0x76b2    0x22  iarwrite.o [5]
  .text              ro code       0x76d4    0xb4  xfwprep.o [2]
  .text              ro code       0x7788    0x24  fseek.o [2]
  .text              ro code       0x77ac    0x9c  xfofind.o [2]
  .text              ro code       0x7848     0x4  heaptramp0.o [2]
  .text              ro code       0x784c    0x7e  fclose.o [2]
  .text              ro code       0x78ca    0x18  close.o [5]
  .text              ro code       0x78e2    0x14  remove.o [5]
  .rodata            const         0x78f6     0x2  os_dbg.o [1]
  .rodata            const         0x78f8    0x78  app.o [1]
  .rodata            const         0x7970    0x78  app.o [1]
  .rodata            const         0x79e8    0x78  app.o [1]
  .text              ro code       0x7a60    0x78  lz77_init_single.o [4]
  .rodata            const         0x7ad8    0x5c  sysctl.o [1]
  .rodata            const         0x7b34    0x54  SCPImplementation.o [1]
  .text              ro code       0x7b88    0x54  fputc.o [2]
  .rodata            const         0x7bdc    0x50  bsp_display.o [1]
  .rodata            const         0x7c2c    0x48  gpio.o [1]
  .text              ro code       0x7c74    0x3c  xcloseall.o [2]
  .rodata            const         0x7cb0    0x34  os_dbg.o [1]
  .rodata            const         0x7ce4    0x34  SCPImplementation.o [1]
  .rodata            const         0x7d18    0x30  binaryHeap.o [1]
  .rodata            const         0x7d48    0x30  os_dbg.o [1]
  .rodata            const         0x7d78    0x30  OS_RecTaskServices.o [1]
  .rodata            const         0x7da8    0x30  SCPImplementation.o [1]
  .rodata            const         0x7dd8    0x2c  binaryHeap.o [1]
  .rodata            const         0x7e04    0x2c  binaryHeap.o [1]
  .rodata            const         0x7e30    0x2c  binaryHeap.o [1]
  .rodata            const         0x7e5c    0x2c  os_dbg.o [1]
  .rodata            const         0x7e88    0x28  os_dbg.o [1]
  .rodata            const         0x7eb0    0x28  os_dbg.o [1]
  .text              ro code       0x7ed8    0x28  data_init.o [4]
  .iar.init_table    const         0x7f00    0x20  - Linker created -
  .rodata            const         0x7f20    0x20  os_dbg.o [1]
  .text              ro code       0x7f40    0x1e  cmain.o [4]
  .text              ro code       0x7f5e     0x4  low_level_init.o [2]
  .text              ro code       0x7f62     0x4  exit.o [2]
  .rodata            const         0x7f66     0x2  os_dbg.o [1]
  .text              ro code       0x7f68     0xe  cexit.o [4]
  .rodata            const         0x7f76     0x2  os_dbg.o [1]
  .rodata            const         0x7f78    0x1c  app.o [1]
  .rodata            const         0x7f94    0x1c  app.o [1]
  .rodata            const         0x7fb0    0x1c  app.o [1]
  .rodata            const         0x7fcc    0x1c  app.o [1]
  .rodata            const         0x7fe8    0x1c  app.o [1]
  .rodata            const         0x8004    0x1c  app.o [1]
  .rodata            const         0x8020    0x1c  OS_RecTaskServices.o [1]
  .rodata            const         0x803c    0x1c  SCPImplementation.o [1]
  .rodata            const         0x8058    0x1c  SCPImplementation.o [1]
  .rodata            const         0x8074    0x18  os_tmr.o [1]
  .rodata            const         0x808c    0x18  SCPImplementation.o [1]
  .rodata            const         0x80a4    0x18  SCPImplementation.o [1]
  .text              ro code       0x80bc    0x16  xprout.o [2]
  .rodata            const         0x80d2     0x2  os_dbg.o [1]
  .text              ro code       0x80d4     0xc  putchar.o [2]
  .rodata            const         0x80e0    0x14  os_core.o [1]
  .rodata            const         0x80f4    0x14  os_tick.o [1]
  .rodata            const         0x8108    0x10  app.o [1]
  .rodata            const         0x8118    0x10  app.o [1]
  .rodata            const         0x8128    0x10  app.o [1]
  .rodata            const         0x8138    0x10  app.o [1]
  .rodata            const         0x8148     0xc  app.o [1]
  .rodata            const         0x8154     0xc  app.o [1]
  .rodata            const         0x8160     0xc  app.o [1]
  .rodata            const         0x816c     0xc  app.o [1]
  .rodata            const         0x8178     0xc  os_core.o [1]
  .rodata            const         0x8184     0xc  sysctl.o [1]
  .rodata            const         0x8190     0xc  sysctl.o [1]
  .rodata            const         0x819c     0xc  sysctl.o [1]
  .text              ro code       0x81a8     0xc  app_vect.o [1]
  .text              ro code       0x81b4     0xc  cstartup_M.o [4]
  .rodata            const         0x81c0     0x8  bsp_display.o [1]
  .rodata            const         0x81c8     0x8  bsp_display.o [1]
  .rodata            const         0x81d0     0x8  os_core.o [1]
  .rodata            const         0x81d8     0x8  os_task.o [1]
  .rodata            const         0x81e0     0x4  os_cfg_app.o [1]
  .rodata            const         0x81e4     0x4  os_cfg_app.o [1]
  .rodata            const         0x81e8     0x4  os_cfg_app.o [1]
  .rodata            const         0x81ec     0x4  os_cfg_app.o [1]
  .rodata            const         0x81f0     0x4  os_cfg_app.o [1]
  .rodata            const         0x81f4     0x4  os_cfg_app.o [1]
  .rodata            const         0x81f8     0x4  os_cfg_app.o [1]
  .rodata            const         0x81fc     0x4  os_cfg_app.o [1]
  .rodata            const         0x8200     0x4  os_cfg_app.o [1]
  .rodata            const         0x8204     0x4  os_cfg_app.o [1]
  .rodata            const         0x8208     0x4  os_cfg_app.o [1]
  .rodata            const         0x820c     0x4  os_cfg_app.o [1]
  .rodata            const         0x8210     0x4  os_cfg_app.o [1]
  .rodata            const         0x8214     0x4  os_cfg_app.o [1]
  .rodata            const         0x8218     0x4  os_cfg_app.o [1]
  .rodata            const         0x821c     0x4  os_cfg_app.o [1]
  .rodata            const         0x8220     0x4  os_cfg_app.o [1]
  .rodata            const         0x8224     0x4  os_cfg_app.o [1]
  .rodata            const         0x8228     0x4  os_cfg_app.o [1]
  .rodata            const         0x822c     0x4  os_cfg_app.o [1]
  .rodata            const         0x8230     0x4  os_cfg_app.o [1]
  .rodata            const         0x8234     0x4  os_cfg_app.o [1]
  .rodata            const         0x8238     0x4  os_cfg_app.o [1]
  .rodata            const         0x823c     0x4  os_dbg.o [1]
  .rodata            const         0x8240     0x4  os_dbg.o [1]
  .rodata            const         0x8244     0x4  os_dbg.o [1]
  .rodata            const         0x8248     0x2  os_dbg.o [1]
  .rodata            const         0x824a     0x2  os_dbg.o [1]
  .rodata            const         0x824c     0x2  os_dbg.o [1]
  .rodata            const         0x824e     0x2  os_dbg.o [1]
  .rodata            const         0x8250     0x2  xlocale_c.o [2]
  .rodata            const         0x8252     0x2  xlocale_c.o [2]
  .rodata            const         0x8254     0x1  os_cfg_app.o [1]
  .rodata            const         0x8255     0x1  os_cfg_app.o [1]
  .rodata            const         0x8256     0x1  os_dbg.o [1]
  .rodata            const         0x8257     0x1  os_dbg.o [1]
  .rodata            const         0x8258     0x1  os_dbg.o [1]
  .rodata            const         0x8259     0x1  os_dbg.o [1]
  .rodata            const         0x825a     0x1  os_dbg.o [1]
  .rodata            const         0x825b     0x1  os_dbg.o [1]
  .rodata            const         0x825c     0x1  os_dbg.o [1]
  .rodata            const         0x825d     0x1  os_dbg.o [1]
  .rodata            const         0x825e     0x1  os_dbg.o [1]
  .rodata            const         0x825f     0x1  os_dbg.o [1]
  .rodata            const         0x8260     0x1  os_dbg.o [1]
  .rodata            const         0x8261     0x1  os_dbg.o [1]
  .rodata            const         0x8262     0x1  os_dbg.o [1]
  .rodata            const         0x8263     0x1  os_dbg.o [1]
  .rodata            const         0x8264     0x1  os_dbg.o [1]
  .rodata            const         0x8265     0x1  os_dbg.o [1]
  .rodata            const         0x8266     0x1  os_dbg.o [1]
  .rodata            const         0x8267     0x1  os_dbg.o [1]
  .rodata            const         0x8268     0x1  os_dbg.o [1]
  .rodata            const         0x8269     0x1  os_dbg.o [1]
  .rodata            const         0x826a     0x1  os_dbg.o [1]
  .rodata            const         0x826b     0x1  os_dbg.o [1]
  .rodata            const         0x826c     0x1  os_dbg.o [1]
  .rodata            const         0x826d     0x1  os_dbg.o [1]
  .rodata            const         0x826e     0x1  os_dbg.o [1]
  .rodata            const         0x826f     0x1  os_dbg.o [1]
  .rodata            const         0x8270     0x1  os_dbg.o [1]
  .rodata            const         0x8271     0x1  os_dbg.o [1]
  .rodata            const         0x8272     0x1  os_dbg.o [1]
  .rodata            const         0x8273     0x1  os_dbg.o [1]
  .rodata            const         0x8274     0x1  os_dbg.o [1]
  .rodata            const         0x8275     0x1  os_dbg.o [1]
  .rodata            const         0x8276     0x1  os_dbg.o [1]
  .rodata            const         0x8277     0x1  os_dbg.o [1]
  .rodata            const         0x8278     0x1  os_dbg.o [1]
  .rodata            const         0x8279     0x1  os_dbg.o [1]
  .rodata            const         0x827a     0x1  os_dbg.o [1]
  .rodata            const         0x827b     0x1  os_dbg.o [1]
  .rodata            const         0x827c     0x1  xlocale_c.o [2]
  .text              ro code       0x8280     0x0  cstart_closeall.o [4]
  .rodata            const         0x8280     0x0  zero_init3.o [4]
  .rodata            const         0x8280     0x0  lz77_init_single.o [4]
  Initializer bytes  const         0x8280    0x8a  <for P7-1>
                                 - 0x830a  0x81ee

"P7", part 1 of 3:                          0x194
  P7-1                        0x2000'0000   0x194  <Init block>
    .data            inited   0x2000'0000     0x4  app.o [1]
    .data            inited   0x2000'0004     0x4  bsp_display.o [1]
    .data            inited   0x2000'0008     0xc  SCPImplementation.o [1]
    .data            inited   0x2000'0014    0x38  xlocale_c.o [2]
    .data            inited   0x2000'004c    0x48  xlocale_c.o [2]
    .data            inited   0x2000'0094    0x48  xfiles.o [2]
    .data            inited   0x2000'00dc    0x48  xfiles.o [2]
    .data            inited   0x2000'0124    0x48  xfiles.o [2]
    .data            inited   0x2000'016c    0x20  xfiles.o [2]
    .data            inited   0x2000'018c     0x8  XShttio.o [2]
                            - 0x2000'0194   0x194

"P7", part 2 of 3:                         0x2158
  .bss               zero     0x2000'0194   0x640  os_cfg_app.o [1]
  .bss               zero     0x2000'07d4   0x200  app.o [1]
  .bss               zero     0x2000'09d4   0x200  app.o [1]
  .bss               zero     0x2000'0bd4   0x200  app.o [1]
  .bss               zero     0x2000'0dd4   0x200  app.o [1]
  .bss               zero     0x2000'0fd4   0x200  os_cfg_app.o [1]
  .bss               zero     0x2000'11d4   0x200  os_cfg_app.o [1]
  .bss               zero     0x2000'13d4   0x200  os_cfg_app.o [1]
  .bss               zero     0x2000'15d4   0x200  os_cfg_app.o [1]
  .bss               zero     0x2000'17d4   0x118  bsp_int.o [1]
  .bss               zero     0x2000'18ec    0xf0  os_var.o [1]
  .bss               zero     0x2000'19dc    0xd0  app.o [1]
  .bss               zero     0x2000'1aac    0xd0  app.o [1]
  .bss               zero     0x2000'1b7c    0xd0  app.o [1]
  .bss               zero     0x2000'1c4c    0xd0  app.o [1]
  .bss               zero     0x2000'1d1c    0xd0  os_var.o [1]
  .bss               zero     0x2000'1dec    0xd0  os_var.o [1]
  .bss               zero     0x2000'1ebc    0xd0  os_var.o [1]
  .bss               zero     0x2000'1f8c    0x80  XShHandles.o [2]
  .bss               zero     0x2000'200c    0x68  os_cfg_app.o [1]
  .bss               zero     0x2000'2074    0x68  os_cfg_app.o [1]
  .bss               zero     0x2000'20dc    0x50  xfiles.o [2]
  .bss               zero     0x2000'212c    0x50  xfiles.o [2]
  .bss               zero     0x2000'217c    0x30  app.o [1]
  .bss               zero     0x2000'21ac    0x14  app.o [1]
  .bss               zero     0x2000'21c0    0x14  app.o [1]
  .bss               zero     0x2000'21d4    0x14  app.o [1]
  .bss               zero     0x2000'21e8    0x10  cpu_core.o [1]
  .bss               zero     0x2000'21f8     0x8  os_var.o [1]
  .bss               zero     0x2000'2200     0x8  heap0.o [2]
  .bss               zero     0x2000'2208     0x4  app.o [1]
  .bss               zero     0x2000'220c     0x4  app.o [1]
  .bss               zero     0x2000'2210     0x4  app.o [1]
  .bss               zero     0x2000'2214     0x4  app.o [1]
  .bss               zero     0x2000'2218     0x4  app.o [1]
  .bss               zero     0x2000'221c     0x4  binaryHeap.o [1]
  .bss               zero     0x2000'2220     0x4  bsp.o [1]
  .bss               zero     0x2000'2224     0x4  bsp_display.o [1]
  .bss               zero     0x2000'2228     0x4  cpu_core.o [1]
  .bss               zero     0x2000'222c     0x4  cpu_core.o [1]
  .bss               zero     0x2000'2230     0x4  cpu_core.o [1]
  .bss               zero     0x2000'2234     0x4  cpu_core.o [1]
  .bss               zero     0x2000'2238     0x4  cpu_core.o [1]
  .bss               zero     0x2000'223c     0x4  cpu_core.o [1]
  .bss               zero     0x2000'2240     0x4  os_cpu_c.o [1]
  .bss               zero     0x2000'2244     0x4  os_prio.o [1]
  .bss               zero     0x2000'2248     0x4  OS_RecTaskServices.o [1]
  .bss               zero     0x2000'224c     0x4  os_var.o [1]
  .bss               zero     0x2000'2250     0x4  os_var.o [1]
  .bss               zero     0x2000'2254     0x4  os_var.o [1]
  .bss               zero     0x2000'2258     0x4  os_var.o [1]
  .bss               zero     0x2000'225c     0x4  os_var.o [1]
  .bss               zero     0x2000'2260     0x4  os_var.o [1]
  .bss               zero     0x2000'2264     0x4  os_var.o [1]
  .bss               zero     0x2000'2268     0x4  os_var.o [1]
  .bss               zero     0x2000'226c     0x4  os_var.o [1]
  .bss               zero     0x2000'2270     0x4  os_var.o [1]
  .bss               zero     0x2000'2274     0x4  os_var.o [1]
  .bss               zero     0x2000'2278     0x4  os_var.o [1]
  .bss               zero     0x2000'227c     0x4  os_var.o [1]
  .bss               zero     0x2000'2280     0x4  os_var.o [1]
  .bss               zero     0x2000'2284     0x4  os_var.o [1]
  .bss               zero     0x2000'2288     0x4  os_var.o [1]
  .bss               zero     0x2000'228c     0x4  os_var.o [1]
  .bss               zero     0x2000'2290     0x4  os_var.o [1]
  .bss               zero     0x2000'2294     0x4  os_var.o [1]
  .bss               zero     0x2000'2298     0x4  os_var.o [1]
  .bss               zero     0x2000'229c     0x4  os_var.o [1]
  .bss               zero     0x2000'22a0     0x4  os_var.o [1]
  .bss               zero     0x2000'22a4     0x4  os_var.o [1]
  .bss               zero     0x2000'22a8     0x4  os_var.o [1]
  .bss               zero     0x2000'22ac     0x4  os_var.o [1]
  .bss               zero     0x2000'22b0     0x4  os_var.o [1]
  .bss               zero     0x2000'22b4     0x4  os_var.o [1]
  .bss               zero     0x2000'22b8     0x4  os_var.o [1]
  .bss               zero     0x2000'22bc     0x4  SCPImplementation.o [1]
  .bss               zero     0x2000'22c0     0x4  SCPImplementation.o [1]
  .bss               zero     0x2000'22c4     0x4  SCPImplementation.o [1]
  .bss               zero     0x2000'22c8     0x4  xfail_s.o [2]
  .bss               zero     0x2000'22cc     0x4  xgetmemchunk.o [2]
  .bss               zero     0x2000'22d0     0x2  cpu_core.o [1]
  .bss               zero     0x2000'22d2     0x2  cpu_core.o [1]
  .bss               zero     0x2000'22d4     0x2  os_var.o [1]
  .bss               zero     0x2000'22d6     0x2  os_var.o [1]
  .bss               zero     0x2000'22d8     0x2  os_var.o [1]
  .bss               zero     0x2000'22da     0x2  os_var.o [1]
  .bss               zero     0x2000'22dc     0x2  os_var.o [1]
  .bss               zero     0x2000'22de     0x1  app.o [1]
  .bss               zero     0x2000'22df     0x1  app.o [1]
  .bss               zero     0x2000'22e0     0x1  app.o [1]
  .bss               zero     0x2000'22e1     0x1  app.o [1]
  .bss               zero     0x2000'22e2     0x1  app.o [1]
  .bss               zero     0x2000'22e3     0x1  os_var.o [1]
  .bss               zero     0x2000'22e4     0x1  os_var.o [1]
  .bss               zero     0x2000'22e5     0x1  os_var.o [1]
  .bss               zero     0x2000'22e6     0x1  os_var.o [1]
  .bss               zero     0x2000'22e7     0x1  os_var.o [1]
  .bss               zero     0x2000'22e8     0x1  os_var.o [1]
  .bss               zero     0x2000'22e9     0x1  XShttio.o [2]
                            - 0x2000'22ea  0x2156

"P7", part 3 of 3:                          0x400
  HEAP                        0x2000'22f0     0x0  <Block>
  CSTACK                      0x2000'22f0   0x400  <Block>
    CSTACK           uninit   0x2000'22f0   0x400  <Block tail>
                            - 0x2000'26f0   0x400

Unused ranges:

         From           To      Size
         ----           --      ----
       0x830a     0x3'ffff  0x3'7cf6
  0x2000'22ec  0x2000'22ef       0x4
  0x2000'26f0  0x2001'7fff  0x1'5910


*******************************************************************************
*** INIT TABLE
***

          Address      Size
          -------      ----
Zero (__iar_zero_init3)
    1 destination range, total size 0x2156:
          0x2000'0194  0x2156

Copy/lz77 (__iar_lz77_init_single3)
    1 source range, total size 0x8a (34% of destination):
               0x8280    0x8a
    1 destination range, total size 0x194:
          0x2000'0000   0x194



*******************************************************************************
*** MODULE SUMMARY
***

    Module                ro code  ro data  rw data
    ------                -------  -------  -------
command line/config:
    -----------------------------------------------
    Total:

C:\Users\Ben\Desktop\Software\EvalBoards\TI\LM3S9B92-EVALBOT\IAR\uCOS-III-CE4053_PG\Flash\Obj: [1]
    OS_RecTaskServices.o      980       76        4
    SCPImplementation.o       916      292       24
    app.o                   1'584      641    3'017
    app_vect.o                 12      284
    binaryHeap.o            1'260      180        4
    bsp.o                     168                 4
    bsp_display.o             820      573        8
    bsp_int.o                 590               280
    bsp_io.o                  160
    bsp_motor.o               504
    bsp_sensors.o             340
    cpu_a.o                    42
    cpu_bsp.o                  40
    cpu_c.o                   312
    cpu_core.o                392                44
    ethernet.o                 64
    gpio.o                    720       72
    i2c.o                     172
    lib_mem.o                  96
    os_cfg_app.o              172      100    3'856
    os_core.o               2'686       40
    os_cpu_a.o                132
    os_cpu_c.o                492                 4
    os_dbg.o                  416      350
    os_flag.o                  28
    os_msg.o                  224
    os_mutex.o                 28
    os_prio.o                 144                 4
    os_q.o                    200
    os_sem.o                   28
    os_task.o               2'488        8
    os_tick.o                 992       20
    os_time.o                  92
    os_tmr.o                  732       24
    os_var.o                                  1'000
    pwm.o                     152
    rbTree.o                1'160
    sysctl.o                1'168      128
    -----------------------------------------------
    Total:                 20'506    2'788    8'249

dl7M_tlf.a: [2]
    XShHandles.o              204               128
    XShttio.o                  60        3        9
    abort.o                     6
    exit.o                      4
    fclose.o                  126
    fflush.o                  172
    fputc.o                    84
    fseek.o                    36
    heap0.o                   312                 8
    heaptramp0.o                4
    low_level_init.o            4
    printf.o                   40
    putchar.o                  12
    xcloseall.o                60
    xencoding_8859_1.o         30
    xfail_s.o                  64                 4
    xfgpos.o                   12
    xfiles.o                            85      408
    xfofind.o                 156
    xfspos.o                  216
    xfwprep.o                 180
    xgetmemchunk.o             44                 4
    xlocale_c.o               124       49      128
    xmbcurmax.o                10
    xprintffull.o           4'294
    xprout.o                   22
    -----------------------------------------------
    Total:                  6'276      137      689

m7M_tl.a: [3]
    DblAdd.o                  362
    DblCmpGe.o                 46
    DblCmpLe.o                 46
    DblDiv.o                  582
    DblMul.o                  418
    DblSub.o                  226
    DblToS32.o                 58
    DblToU32.o                 40
    S32ToDbl.o                 34
    U32ToDbl.o                 26
    frexp.o                   112
    ldexp.o                   314
    -----------------------------------------------
    Total:                  2'264

rt7M_tl.a: [4]
    ABImemcpy.o               166
    I64DivMod.o               560
    I64DivZer.o                 2
    cexit.o                    14
    cmain.o                    30
    cstart_closeall.o
    cstartup_M.o               12
    data_init.o                40
    lz77_init_single.o        120
    memchr.o                   88
    strchr.o                   22
    strlen.o                   54
    zero_init3.o               58
    -----------------------------------------------
    Total:                  1'166

shb_l.a: [5]
    close.o                    24
    dwrite.o                   30
    exit.o                     20
    iarttio.o                 124
    iarwrite.o                 34
    iarwstd.o                  32
    lseek.o                    74
    remove.o                   20
    write.o                    16
    -----------------------------------------------
    Total:                    374

    Gaps                        3
    Linker created                      32    1'024
---------------------------------------------------
    Grand Total:           30'589    2'957    9'962


*******************************************************************************
*** ENTRY LIST
***

Entry                       Address   Size  Type      Object
-----                       -------   ----  ----      ------
.iar.init_table$$Base        0x7f00          --   Gb  - Linker created -
.iar.init_table$$Limit       0x7f20          --   Gb  - Linker created -
?main                        0x7f41         Code  Gb  cmain.o [4]
Aldata                  0x2000'2200    0x8  Data  Lc  heap0.o [2]
AppRobotMotorDriveSensorEnable
                             0x6dd5   0x20  Code  Lc  app.o [1]
AppTaskOne                   0x6a9b   0xc4  Code  Lc  app.o [1]
AppTaskOneStk           0x2000'09d4  0x200  Data  Lc  app.o [1]
AppTaskOneTCB           0x2000'1aac   0xd0  Data  Lc  app.o [1]
AppTaskStartPhase2           0x6c39  0x19c  Code  Lc  app.o [1]
AppTaskStartPhase2Stk   0x2000'07d4  0x200  Data  Lc  app.o [1]
AppTaskStartPhase2TCB   0x2000'19dc   0xd0  Data  Lc  app.o [1]
AppTaskThree                 0x6ba3   0x94  Code  Lc  app.o [1]
AppTaskThreeStk         0x2000'0dd4  0x200  Data  Lc  app.o [1]
AppTaskThreeTCB         0x2000'1c4c   0xd0  Data  Lc  app.o [1]
AppTaskTwo                   0x6b5f   0x44  Code  Lc  app.o [1]
AppTaskTwoStk           0x2000'0bd4  0x200  Data  Lc  app.o [1]
AppTaskTwoTCB           0x2000'1b7c   0xd0  Data  Lc  app.o [1]
App_BusFault_ISR             0x81ad    0x2  Code  Lc  app_vect.o [1]
App_Fault_ISR                0x81ab    0x2  Code  Lc  app_vect.o [1]
App_MemFault_ISR             0x81b1    0x2  Code  Lc  app_vect.o [1]
App_NMI_ISR                  0x81a9    0x2  Code  Lc  app_vect.o [1]
App_Spurious_ISR             0x81b3    0x2  Code  Lc  app_vect.o [1]
App_UsageFault_ISR           0x81af    0x2  Code  Lc  app_vect.o [1]
BSP_BumpSensorsInit          0x5ced   0x18  Code  Gb  bsp_sensors.o [1]
BSP_CPUClkFreq               0x4e61   0x12  Code  Gb  bsp.o [1]
BSP_CPU_ClkFreq_MHz     0x2000'2220    0x4  Data  Gb  bsp.o [1]
BSP_DisplayClear             0x59f1   0x4c  Code  Gb  bsp_display.o [1]
BSP_DisplayInit              0x5b3f   0xd8  Code  Gb  bsp_display.o [1]
BSP_DisplayOn                0x5b03   0x3c  Code  Gb  bsp_display.o [1]
BSP_DisplayStringDraw        0x5a3d   0xc6  Code  Gb  bsp_display.o [1]
BSP_DisplayWriteArray        0x5973   0x3e  Code  Lc  bsp_display.o [1]
BSP_DisplayWriteByte         0x5941   0x32  Code  Lc  bsp_display.o [1]
BSP_DisplayWriteFinal        0x59b1   0x40  Code  Lc  bsp_display.o [1]
BSP_DisplayWriteFirst        0x5919   0x28  Code  Lc  bsp_display.o [1]
BSP_Init                     0x4dfd   0x64  Code  Gb  bsp.o [1]
BSP_IntEn                    0x56c9   0x10  Code  Gb  bsp_int.o [1]
BSP_IntHandler               0x58ef   0x20  Code  Lc  bsp_int.o [1]
BSP_IntHandlerADC0           0x5773    0xa  Code  Gb  bsp_int.o [1]
BSP_IntHandlerADC1           0x577d    0xa  Code  Gb  bsp_int.o [1]
BSP_IntHandlerADC1_0         0x58a9    0xa  Code  Gb  bsp_int.o [1]
BSP_IntHandlerADC1_1         0x58b3    0xa  Code  Gb  bsp_int.o [1]
BSP_IntHandlerADC1_2         0x58bd    0xa  Code  Gb  bsp_int.o [1]
BSP_IntHandlerADC1_3         0x58c7    0xa  Code  Gb  bsp_int.o [1]
BSP_IntHandlerADC2           0x5787    0xa  Code  Gb  bsp_int.o [1]
BSP_IntHandlerADC3           0x5791    0xa  Code  Gb  bsp_int.o [1]
BSP_IntHandlerCAN0           0x5863    0xa  Code  Gb  bsp_int.o [1]
BSP_IntHandlerCAN1           0x586d    0xa  Code  Gb  bsp_int.o [1]
BSP_IntHandlerCOMP0          0x57e1    0xa  Code  Gb  bsp_int.o [1]
BSP_IntHandlerCOMP1          0x57eb    0xa  Code  Gb  bsp_int.o [1]
BSP_IntHandlerCOMP2          0x57f5    0xa  Code  Gb  bsp_int.o [1]
BSP_IntHandlerDummy          0x5915    0x2  Code  Lc  bsp_int.o [1]
BSP_IntHandlerEPI            0x58db    0xa  Code  Gb  bsp_int.o [1]
BSP_IntHandlerETH            0x5877    0xa  Code  Gb  bsp_int.o [1]
BSP_IntHandlerFLASH          0x5809    0xa  Code  Gb  bsp_int.o [1]
BSP_IntHandlerGPIOA          0x5719    0xa  Code  Gb  bsp_int.o [1]
BSP_IntHandlerGPIOB          0x5723    0xa  Code  Gb  bsp_int.o [1]
BSP_IntHandlerGPIOC          0x572d    0xa  Code  Gb  bsp_int.o [1]
BSP_IntHandlerGPIOD          0x5737    0xa  Code  Gb  bsp_int.o [1]
BSP_IntHandlerGPIOE          0x5741    0xa  Code  Gb  bsp_int.o [1]
BSP_IntHandlerGPIOF          0x5813    0xa  Code  Gb  bsp_int.o [1]
BSP_IntHandlerGPIOG          0x581d    0xa  Code  Gb  bsp_int.o [1]
BSP_IntHandlerGPIOH          0x5827    0xa  Code  Gb  bsp_int.o [1]
BSP_IntHandlerGPIOJ          0x58e5    0xa  Code  Gb  bsp_int.o [1]
BSP_IntHandlerHIBERNATE
                             0x5881    0xa  Code  Gb  bsp_int.o [1]
BSP_IntHandlerI2C0           0x5769    0xa  Code  Gb  bsp_int.o [1]
BSP_IntHandlerI2C1           0x5859    0xa  Code  Gb  bsp_int.o [1]
BSP_IntHandlerI2S0           0x58d1    0xa  Code  Gb  bsp_int.o [1]
BSP_IntHandlerSSI0           0x575f    0xa  Code  Gb  bsp_int.o [1]
BSP_IntHandlerSSI1           0x583b    0xa  Code  Gb  bsp_int.o [1]
BSP_IntHandlerSYSCTL         0x57ff    0xa  Code  Gb  bsp_int.o [1]
BSP_IntHandlerTIMER0A        0x57a5    0xa  Code  Gb  bsp_int.o [1]
BSP_IntHandlerTIMER0B        0x57af    0xa  Code  Gb  bsp_int.o [1]
BSP_IntHandlerTIMER1A        0x57b9    0xa  Code  Gb  bsp_int.o [1]
BSP_IntHandlerTIMER1B        0x57c3    0xa  Code  Gb  bsp_int.o [1]
BSP_IntHandlerTIMER2A        0x57cd    0xa  Code  Gb  bsp_int.o [1]
BSP_IntHandlerTIMER2B        0x57d7    0xa  Code  Gb  bsp_int.o [1]
BSP_IntHandlerTIMER3A        0x5845    0xa  Code  Gb  bsp_int.o [1]
BSP_IntHandlerTIMER3B        0x584f    0xa  Code  Gb  bsp_int.o [1]
BSP_IntHandlerUART0          0x574b    0xa  Code  Gb  bsp_int.o [1]
BSP_IntHandlerUART1          0x5755    0xa  Code  Gb  bsp_int.o [1]
BSP_IntHandlerUART2          0x5831    0xa  Code  Gb  bsp_int.o [1]
BSP_IntHandlerUDMA_ERR       0x589f    0xa  Code  Gb  bsp_int.o [1]
BSP_IntHandlerUDMA_SW        0x5895    0xa  Code  Gb  bsp_int.o [1]
BSP_IntHandlerUSB            0x588b    0xa  Code  Gb  bsp_int.o [1]
BSP_IntHandlerWATCHDOG       0x579b    0xa  Code  Gb  bsp_int.o [1]
BSP_IntInit                  0x5701   0x18  Code  Gb  bsp_int.o [1]
BSP_IntVectSet               0x56d9   0x28  Code  Gb  bsp_int.o [1]
BSP_IntVectTbl          0x2000'17d4  0x118  Data  Lc  bsp_int.o [1]
BSP_LED_Off                  0x5cad   0x36  Code  Gb  bsp_io.o [1]
BSP_LED_On                   0x5c77   0x36  Code  Gb  bsp_io.o [1]
BSP_LEDsInit                 0x5c65   0x12  Code  Gb  bsp_io.o [1]
BSP_MotorDir                 0x5f1d   0x44  Code  Gb  bsp_motor.o [1]
BSP_MotorRun                 0x5f61   0x1c  Code  Gb  bsp_motor.o [1]
BSP_MotorSpeed               0x5fad   0x76  Code  Gb  bsp_motor.o [1]
BSP_MotorStop                0x5f7d   0x30  Code  Gb  bsp_motor.o [1]
BSP_MotorsInit               0x5e41   0xdc  Code  Gb  bsp_motor.o [1]
BSP_PushButtonsInit          0x5c4d   0x18  Code  Gb  bsp_io.o [1]
BSP_WheelSensorEnable        0x5da7    0xe  Code  Gb  bsp_sensors.o [1]
BSP_WheelSensorIntEnable
                             0x5db5   0x7e  Code  Gb  bsp_sensors.o [1]
BSP_WheelSensorsInit         0x5d05   0xa2  Code  Gb  bsp_sensors.o [1]
CPU_CntLeadZeros             0x420f         Code  Gb  cpu_a.o [1]
CPU_Init                     0x4225   0x10  Code  Gb  cpu_core.o [1]
CPU_IntDis                   0x41f9         Code  Gb  cpu_a.o [1]
CPU_IntDisMeasCtr       0x2000'22d0    0x2  Data  Gb  cpu_core.o [1]
CPU_IntDisMeasInit           0x42ff   0x78  Code  Lc  cpu_core.o [1]
CPU_IntDisMeasMaxCalc        0x4377   0x12  Code  Lc  cpu_core.o [1]
CPU_IntDisMeasMaxCurGet
                             0x4279   0x18  Code  Gb  cpu_core.o [1]
CPU_IntDisMeasMaxCurReset
                             0x425d   0x1c  Code  Gb  cpu_core.o [1]
CPU_IntDisMeasMaxCur_cnts
                        0x2000'2238    0x4  Data  Gb  cpu_core.o [1]
CPU_IntDisMeasMax_cnts  0x2000'223c    0x4  Data  Gb  cpu_core.o [1]
CPU_IntDisMeasOvrhd_cnts
                        0x2000'2234    0x4  Data  Gb  cpu_core.o [1]
CPU_IntDisMeasStart          0x4291   0x22  Code  Gb  cpu_core.o [1]
CPU_IntDisMeasStart_cnts
                        0x2000'222c    0x4  Data  Gb  cpu_core.o [1]
CPU_IntDisMeasStop           0x42b3   0x36  Code  Gb  cpu_core.o [1]
CPU_IntDisMeasStop_cnts
                        0x2000'2230    0x4  Data  Gb  cpu_core.o [1]
CPU_IntDisNestCtr       0x2000'22d2    0x2  Data  Gb  cpu_core.o [1]
CPU_IntEn                    0x41fd         Code  Gb  cpu_a.o [1]
CPU_IntSrcEn                 0x64c1  0x126  Code  Gb  cpu_c.o [1]
CPU_Name                0x2000'21e8   0x10  Data  Gb  cpu_core.o [1]
CPU_NameClr                  0x4235   0x22  Code  Gb  cpu_core.o [1]
CPU_NameInit                 0x42e9    0x8  Code  Lc  cpu_core.o [1]
CPU_RevBits                  0x4215         Code  Gb  cpu_a.o [1]
CPU_SR_Restore               0x4209         Code  Gb  cpu_a.o [1]
CPU_SR_Save                  0x4201         Code  Gb  cpu_a.o [1]
CPU_TS_Init                  0x42f1    0xe  Code  Lc  cpu_core.o [1]
CPU_TS_TmrFreqSet            0x4257    0x6  Code  Gb  cpu_core.o [1]
CPU_TS_TmrFreq_Hz       0x2000'2228    0x4  Data  Gb  cpu_core.o [1]
CPU_TS_TmrInit               0x491d   0x18  Code  Gb  cpu_bsp.o [1]
CPU_TS_TmrRd                 0x4935    0x6  Code  Gb  cpu_bsp.o [1]
CPU_WaitForExcept            0x421f         Code  Gb  cpu_a.o [1]
CPU_WaitForInt               0x421b         Code  Gb  cpu_a.o [1]
CSTACK$$Base            0x2000'22f0          --   Gb  - Linker created -
CSTACK$$Limit           0x2000'26f0          --   Gb  - Linker created -
CacheMore                    0x1221   0x28  Code  Lc  xlocale_c.o [2]
DummyQ                  0x2000'217c   0x30  Data  Gb  app.o [1]
EthernetPHYRead              0x705d   0x20  Code  Gb  ethernet.o [1]
EthernetPHYWrite             0x703d   0x20  Code  Gb  ethernet.o [1]
GPIODirModeSet               0x66a5   0x46  Code  Gb  gpio.o [1]
GPIOIntTypeSet               0x66eb   0x5a  Code  Gb  gpio.o [1]
GPIOPadConfigSet             0x6745  0x10e  Code  Gb  gpio.o [1]
GPIOPinConfigure             0x6925   0x46  Code  Gb  gpio.o [1]
GPIOPinIntClear              0x688b    0x8  Code  Gb  gpio.o [1]
GPIOPinIntDisable            0x6865   0x12  Code  Gb  gpio.o [1]
GPIOPinIntEnable             0x6853   0x12  Code  Gb  gpio.o [1]
GPIOPinIntStatus             0x6877   0x14  Code  Gb  gpio.o [1]
GPIOPinTypeGPIOInput         0x689d   0x22  Code  Gb  gpio.o [1]
GPIOPinTypeGPIOOutput        0x68bf   0x22  Code  Gb  gpio.o [1]
GPIOPinTypeI2C               0x68e1   0x22  Code  Gb  gpio.o [1]
GPIOPinTypePWM               0x6903   0x22  Code  Gb  gpio.o [1]
GPIOPinWrite                 0x6893    0xa  Code  Gb  gpio.o [1]
HEAP$$Base              0x2000'22f0          --   Gb  - Linker created -
HEAP$$Limit             0x2000'22f0          --   Gb  - Linker created -
I2CMasterControl             0x667d    0x4  Code  Gb  i2c.o [1]
I2CMasterDataPut             0x669f    0x6  Code  Gb  i2c.o [1]
I2CMasterEnable              0x6637    0xa  Code  Gb  i2c.o [1]
I2CMasterErr                 0x6681   0x1e  Code  Gb  i2c.o [1]
I2CMasterInitExpClk          0x65f9   0x3e  Code  Gb  i2c.o [1]
I2CMasterIntStatus           0x6641   0x26  Code  Gb  i2c.o [1]
I2CMasterSlaveAddrSet        0x6671    0xc  Code  Gb  i2c.o [1]
IntWheelSensor               0x6df5   0xbc  Code  Gb  app.o [1]
IntWheelSensor::CountL  0x2000'22e0    0x1  Data  Lc  app.o [1]
IntWheelSensor::CountR  0x2000'22e1    0x1  Data  Lc  app.o [1]
IntWheelSensor::data    0x2000'22e2    0x1  Data  Lc  app.o [1]
Left_tgt                0x2000'22de    0x1  Data  Gb  app.o [1]
Mem_Clr                      0x4d75    0xc  Code  Gb  lib_mem.o [1]
Mem_Set                      0x4d81   0x54  Code  Gb  lib_mem.o [1]
MutexOne                0x2000'21ac   0x14  Data  Gb  app.o [1]
MutexThree              0x2000'21d4   0x14  Data  Gb  app.o [1]
MutexTwo                0x2000'21c0   0x14  Data  Gb  app.o [1]
OSCfg_DataSizeRAM            0x8238    0x4  Data  Gb  os_cfg_app.o [1]
OSCfg_ISRStk            0x2000'11d4  0x200  Data  Gb  os_cfg_app.o [1]
OSCfg_ISRStkBasePtr          0x81f0    0x4  Data  Gb  os_cfg_app.o [1]
OSCfg_ISRStkSize             0x81f4    0x4  Data  Gb  os_cfg_app.o [1]
OSCfg_ISRStkSizeRAM          0x81f8    0x4  Data  Gb  os_cfg_app.o [1]
OSCfg_IdleTaskStk       0x2000'0fd4  0x200  Data  Gb  os_cfg_app.o [1]
OSCfg_IdleTaskStkBasePtr
                             0x81e0    0x4  Data  Gb  os_cfg_app.o [1]
OSCfg_IdleTaskStkLimit       0x81e4    0x4  Data  Gb  os_cfg_app.o [1]
OSCfg_IdleTaskStkSize        0x81e8    0x4  Data  Gb  os_cfg_app.o [1]
OSCfg_IdleTaskStkSizeRAM
                             0x81ec    0x4  Data  Gb  os_cfg_app.o [1]
OSCfg_Init                   0x414d   0xac  Code  Gb  os_cfg_app.o [1]
OSCfg_MsgPool           0x2000'0194  0x640  Data  Gb  os_cfg_app.o [1]
OSCfg_MsgPoolBasePtr         0x8200    0x4  Data  Gb  os_cfg_app.o [1]
OSCfg_MsgPoolSize            0x1342    0x2  Data  Gb  os_cfg_app.o [1]
OSCfg_MsgPoolSizeRAM         0x81fc    0x4  Data  Gb  os_cfg_app.o [1]
OSCfg_StkSizeMin             0x8204    0x4  Data  Gb  os_cfg_app.o [1]
OSCfg_TickRate_Hz            0x8208    0x4  Data  Gb  os_cfg_app.o [1]
OSCfg_TickTaskPrio           0x8254    0x1  Data  Gb  os_cfg_app.o [1]
OSCfg_TickTaskStk       0x2000'13d4  0x200  Data  Gb  os_cfg_app.o [1]
OSCfg_TickTaskStkBasePtr
                             0x820c    0x4  Data  Gb  os_cfg_app.o [1]
OSCfg_TickTaskStkLimit       0x8210    0x4  Data  Gb  os_cfg_app.o [1]
OSCfg_TickTaskStkSize        0x8214    0x4  Data  Gb  os_cfg_app.o [1]
OSCfg_TickTaskStkSizeRAM
                             0x8218    0x4  Data  Gb  os_cfg_app.o [1]
OSCfg_TickWheel         0x2000'200c   0x68  Data  Gb  os_cfg_app.o [1]
OSCfg_TickWheelSize          0x1442    0x2  Data  Gb  os_cfg_app.o [1]
OSCfg_TickWheelSizeRAM       0x821c    0x4  Data  Gb  os_cfg_app.o [1]
OSCfg_TmrTaskPrio            0x8255    0x1  Data  Gb  os_cfg_app.o [1]
OSCfg_TmrTaskRate_Hz         0x8220    0x4  Data  Gb  os_cfg_app.o [1]
OSCfg_TmrTaskStk        0x2000'15d4  0x200  Data  Gb  os_cfg_app.o [1]
OSCfg_TmrTaskStkBasePtr
                             0x8224    0x4  Data  Gb  os_cfg_app.o [1]
OSCfg_TmrTaskStkLimit        0x8228    0x4  Data  Gb  os_cfg_app.o [1]
OSCfg_TmrTaskStkSize         0x822c    0x4  Data  Gb  os_cfg_app.o [1]
OSCfg_TmrTaskStkSizeRAM
                             0x8230    0x4  Data  Gb  os_cfg_app.o [1]
OSCfg_TmrWheel          0x2000'2074   0x68  Data  Gb  os_cfg_app.o [1]
OSCfg_TmrWheelSize           0x14e2    0x2  Data  Gb  os_cfg_app.o [1]
OSCfg_TmrWheelSizeRAM        0x8234    0x4  Data  Gb  os_cfg_app.o [1]
OSDbg_AppHooksEn             0x8257    0x1  Data  Gb  os_dbg.o [1]
OSDbg_ArgChkEn               0x8256    0x1  Data  Gb  os_dbg.o [1]
OSDbg_CalledFromISRChkEn
                             0x8258    0x1  Data  Gb  os_dbg.o [1]
OSDbg_DataSize               0x8244    0x4  Data  Gb  os_dbg.o [1]
OSDbg_DbgEn                  0x1512    0x2  Data  Gb  os_dbg.o [1]
OSDbg_EndiannessTest         0x823c    0x4  Data  Gb  os_dbg.o [1]
OSDbg_FlagDelEn              0x825a    0x1  Data  Gb  os_dbg.o [1]
OSDbg_FlagEn                 0x8259    0x1  Data  Gb  os_dbg.o [1]
OSDbg_FlagGrp                0x7e88   0x28  Data  Gb  os_dbg.o [1]
OSDbg_FlagGrpSize            0x164e    0x2  Data  Gb  os_dbg.o [1]
OSDbg_FlagModeClrEn          0x825b    0x1  Data  Gb  os_dbg.o [1]
OSDbg_FlagPendAbortEn        0x825c    0x1  Data  Gb  os_dbg.o [1]
OSDbg_FlagWidth              0x168a    0x2  Data  Gb  os_dbg.o [1]
OSDbg_ISRPostDeferredEn
                             0x825d    0x1  Data  Gb  os_dbg.o [1]
OSDbg_Mem                    0x7f20   0x20  Data  Gb  os_dbg.o [1]
OSDbg_MemEn                  0x825e    0x1  Data  Gb  os_dbg.o [1]
OSDbg_MsgEn                  0x825f    0x1  Data  Gb  os_dbg.o [1]
OSDbg_MsgPoolSize            0x1792    0x2  Data  Gb  os_dbg.o [1]
OSDbg_MsgQSize               0x19da    0x2  Data  Gb  os_dbg.o [1]
OSDbg_MsgSize                0x16ae    0x2  Data  Gb  os_dbg.o [1]
OSDbg_Mutex                  0x7e5c   0x2c  Data  Gb  os_dbg.o [1]
OSDbg_MutexDelEn             0x8261    0x1  Data  Gb  os_dbg.o [1]
OSDbg_MutexEn                0x8260    0x1  Data  Gb  os_dbg.o [1]
OSDbg_MutexPendAbortEn       0x8262    0x1  Data  Gb  os_dbg.o [1]
OSDbg_MutexSize              0x1a1e    0x2  Data  Gb  os_dbg.o [1]
OSDbg_ObjTypeChkEn           0x8263    0x1  Data  Gb  os_dbg.o [1]
OSDbg_PendDataSize           0x1e02    0x2  Data  Gb  os_dbg.o [1]
OSDbg_PendListSize           0x1f6e    0x2  Data  Gb  os_dbg.o [1]
OSDbg_PendMultiEn            0x8264    0x1  Data  Gb  os_dbg.o [1]
OSDbg_PendObjSize            0x1f72    0x2  Data  Gb  os_dbg.o [1]
OSDbg_PrioMax                0x2abe    0x2  Data  Gb  os_dbg.o [1]
OSDbg_PrioTblSize            0x4222    0x2  Data  Gb  os_dbg.o [1]
OSDbg_PtrSize                0x5916    0x2  Data  Gb  os_dbg.o [1]
OSDbg_Q                      0x7d48   0x30  Data  Gb  os_dbg.o [1]
OSDbg_QDelEn                 0x8266    0x1  Data  Gb  os_dbg.o [1]
OSDbg_QEn                    0x8265    0x1  Data  Gb  os_dbg.o [1]
OSDbg_QFlushEn               0x8267    0x1  Data  Gb  os_dbg.o [1]
OSDbg_QPendAbortEn           0x8268    0x1  Data  Gb  os_dbg.o [1]
OSDbg_QSize                  0x75a6    0x2  Data  Gb  os_dbg.o [1]
OSDbg_RdyList                0x7f66    0x2  Data  Gb  os_dbg.o [1]
OSDbg_RdyListSize            0x8240    0x4  Data  Gb  os_dbg.o [1]
OSDbg_SchedRoundRobinEn
                             0x8269    0x1  Data  Gb  os_dbg.o [1]
OSDbg_Sem                    0x7eb0   0x28  Data  Gb  os_dbg.o [1]
OSDbg_SemDelEn               0x826b    0x1  Data  Gb  os_dbg.o [1]
OSDbg_SemEn                  0x826a    0x1  Data  Gb  os_dbg.o [1]
OSDbg_SemPendAbortEn         0x826c    0x1  Data  Gb  os_dbg.o [1]
OSDbg_SemSetEn               0x826d    0x1  Data  Gb  os_dbg.o [1]
OSDbg_SemSize                0x78f6    0x2  Data  Gb  os_dbg.o [1]
OSDbg_StatTaskEn             0x826f    0x1  Data  Gb  os_dbg.o [1]
OSDbg_StatTaskStkChkEn       0x8270    0x1  Data  Gb  os_dbg.o [1]
OSDbg_StkWidth               0x826e    0x1  Data  Gb  os_dbg.o [1]
OSDbg_TCBSize                0x80d2    0x2  Data  Gb  os_dbg.o [1]
OSDbg_TaskChangePrioEn       0x8271    0x1  Data  Gb  os_dbg.o [1]
OSDbg_TaskDelEn              0x8272    0x1  Data  Gb  os_dbg.o [1]
OSDbg_TaskProfileEn          0x8275    0x1  Data  Gb  os_dbg.o [1]
OSDbg_TaskQEn                0x8273    0x1  Data  Gb  os_dbg.o [1]
OSDbg_TaskQPendAbortEn       0x8274    0x1  Data  Gb  os_dbg.o [1]
OSDbg_TaskRegTblSize         0x7f76    0x2  Data  Gb  os_dbg.o [1]
OSDbg_TaskSemPendAbortEn
                             0x8276    0x1  Data  Gb  os_dbg.o [1]
OSDbg_TaskSuspendEn          0x8277    0x1  Data  Gb  os_dbg.o [1]
OSDbg_TickSpokeSize          0x8248    0x2  Data  Gb  os_dbg.o [1]
OSDbg_TimeDlyHMSMEn          0x8278    0x1  Data  Gb  os_dbg.o [1]
OSDbg_TimeDlyResumeEn        0x8279    0x1  Data  Gb  os_dbg.o [1]
OSDbg_Tmr                    0x7cb0   0x34  Data  Gb  os_dbg.o [1]
OSDbg_TmrDelEn               0x827b    0x1  Data  Gb  os_dbg.o [1]
OSDbg_TmrEn                  0x827a    0x1  Data  Gb  os_dbg.o [1]
OSDbg_TmrSize                0x824a    0x2  Data  Gb  os_dbg.o [1]
OSDbg_TmrSpokeSize           0x824c    0x2  Data  Gb  os_dbg.o [1]
OSDbg_VersionNbr             0x824e    0x2  Data  Gb  os_dbg.o [1]
OSFlagDbgListPtr        0x2000'226c    0x4  Data  Gb  os_var.o [1]
OSFlagQty               0x2000'22d4    0x2  Data  Gb  os_var.o [1]
OSIdleTaskCtr           0x2000'2268    0x4  Data  Gb  os_var.o [1]
OSIdleTaskHook               0x2ac1   0x10  Code  Gb  os_cpu_c.o [1]
OSIdleTaskTCB           0x2000'1d1c   0xd0  Data  Gb  os_var.o [1]
OSInit                       0x2041  0x12c  Code  Gb  os_core.o [1]
OSInitHook                   0x2ad1   0x14  Code  Gb  os_cpu_c.o [1]
OSIntEnter                   0x216d   0x1c  Code  Gb  os_core.o [1]
OSIntExit                    0x2189   0xa6  Code  Gb  os_core.o [1]
OSIntNestingCtr         0x2000'22e3    0x1  Data  Gb  os_var.o [1]
OSMsgPool               0x2000'21f8    0x8  Data  Gb  os_var.o [1]
OSMutexDbgListPtr       0x2000'2270    0x4  Data  Gb  os_var.o [1]
OSMutexQty              0x2000'22d6    0x2  Data  Gb  os_var.o [1]
OSMutexSRPCreate             0x4ec1   0x38  Code  Gb  SCPImplementation.o [1]
OSPrioCur               0x2000'22e5    0x1  Data  Gb  os_var.o [1]
OSPrioHighRdy           0x2000'22e6    0x1  Data  Gb  os_var.o [1]
OSPrioTbl               0x2000'2244    0x4  Data  Gb  os_prio.o [1]
OSQCreate                    0x3bed   0x7e  Code  Gb  os_q.o [1]
OSQDbgListPtr           0x2000'2274    0x4  Data  Gb  os_var.o [1]
OSQQty                  0x2000'22d8    0x2  Data  Gb  os_var.o [1]
OSRdyList               0x2000'18ec   0xf0  Data  Gb  os_var.o [1]
OSRunning               0x2000'22e4    0x1  Data  Gb  os_var.o [1]
OSSched                      0x222f   0x78  Code  Gb  os_core.o [1]
OSSchedLock                  0x22a7   0x60  Code  Gb  os_core.o [1]
OSSchedLockNestingCtr   0x2000'22e7    0x1  Data  Gb  os_var.o [1]
OSSchedLockTimeBegin    0x2000'2278    0x4  Data  Gb  os_var.o [1]
OSSchedLockTimeMax      0x2000'227c    0x4  Data  Gb  os_var.o [1]
OSSchedLockTimeMaxCur   0x2000'2280    0x4  Data  Gb  os_var.o [1]
OSSchedRoundRobinDfltTimeQuanta
                        0x2000'2284    0x4  Data  Gb  os_var.o [1]
OSSchedRoundRobinEn     0x2000'22e8    0x1  Data  Gb  os_var.o [1]
OSSchedUnlock                0x2307   0x7c  Code  Gb  os_core.o [1]
OSSemDbgListPtr         0x2000'2288    0x4  Data  Gb  os_var.o [1]
OSSemQty                0x2000'22da    0x2  Data  Gb  os_var.o [1]
OSStart                      0x2383   0x52  Code  Gb  os_core.o [1]
OSStartHighRdy               0x43ad         Code  Gb  os_cpu_a.o [1]
OSTCBCurPtr             0x2000'22b4    0x4  Data  Gb  os_var.o [1]
OSTCBHighRdyPtr         0x2000'22b8    0x4  Data  Gb  os_var.o [1]
OSTaskCreate                 0x2ff9  0x1aa  Code  Gb  os_task.o [1]
OSTaskCreateHook             0x2ae5   0x10  Code  Gb  os_cpu_c.o [1]
OSTaskCreatePeriodic         0x4a27  0x258  Code  Gb  OS_RecTaskServices.o [1]
OSTaskCreatePeriodicMutex
                             0x49a1   0x86  Code  Gb  OS_RecTaskServices.o [1]
OSTaskCtxSwCtr          0x2000'228c    0x4  Data  Gb  os_var.o [1]
OSTaskDbgListPtr        0x2000'2290    0x4  Data  Gb  os_var.o [1]
OSTaskDel                    0x31a3   0xfe  Code  Gb  os_task.o [1]
OSTaskDelHook                0x2af5   0x10  Code  Gb  os_cpu_c.o [1]
OSTaskQty               0x2000'22dc    0x2  Data  Gb  os_var.o [1]
OSTaskReturnHook             0x2b05   0x10  Code  Gb  os_cpu_c.o [1]
OSTaskSemPend                0x32a1  0x180  Code  Gb  os_task.o [1]
OSTaskSemPost                0x3421   0x1c  Code  Gb  os_task.o [1]
OSTaskStkInit                0x2b15   0x7e  Code  Gb  os_cpu_c.o [1]
OSTaskSwHook                 0x2b93   0x76  Code  Gb  os_cpu_c.o [1]
OSTickCtr               0x2000'2294    0x4  Data  Gb  os_var.o [1]
OSTickTaskPeriodicTimeMax
                        0x2000'229c    0x4  Data  Gb  os_var.o [1]
OSTickTaskTCB           0x2000'1dec   0xd0  Data  Gb  os_var.o [1]
OSTickTaskTimeMax       0x2000'2298    0x4  Data  Gb  os_var.o [1]
OSTimeTick                   0x4945   0x42  Code  Gb  os_time.o [1]
OSTimeTickHook               0x2c09   0x10  Code  Gb  os_cpu_c.o [1]
OSTmrDbgListPtr         0x2000'22a0    0x4  Data  Gb  os_var.o [1]
OSTmrTaskTCB            0x2000'1ebc   0xd0  Data  Gb  os_var.o [1]
OSTmrTaskTimeMax        0x2000'22a4    0x4  Data  Gb  os_var.o [1]
OSTmrTickCtr            0x2000'22a8    0x4  Data  Gb  os_var.o [1]
OSTmrUpdateCnt          0x2000'22ac    0x4  Data  Gb  os_var.o [1]
OSTmrUpdateCtr          0x2000'22b0    0x4  Data  Gb  os_var.o [1]
OS_AppIdleTaskHookPtr   0x2000'2258    0x4  Data  Gb  os_var.o [1]
OS_AppStatTaskHookPtr   0x2000'225c    0x4  Data  Gb  os_var.o [1]
OS_AppTaskCreateHookPtr
                        0x2000'224c    0x4  Data  Gb  os_var.o [1]
OS_AppTaskDelHookPtr    0x2000'2250    0x4  Data  Gb  os_var.o [1]
OS_AppTaskReturnHookPtr
                        0x2000'2254    0x4  Data  Gb  os_var.o [1]
OS_AppTaskSwHookPtr     0x2000'2260    0x4  Data  Gb  os_var.o [1]
OS_AppTimeTickHookPtr   0x2000'2264    0x4  Data  Gb  os_var.o [1]
OS_CPU_ExceptStkBase    0x2000'2240    0x4  Data  Gb  os_cpu_c.o [1]
OS_CPU_PendSVHandler         0x43cb         Code  Gb  os_cpu_a.o [1]
OS_CPU_SysTickHandler        0x2c19   0x2a  Code  Gb  os_cpu_c.o [1]
OS_CPU_SysTickInit           0x2c43   0x24  Code  Gb  os_cpu_c.o [1]
OS_Dbg_Init                  0x3fad  0x1a0  Code  Gb  os_dbg.o [1]
OS_FlagInit                  0x3ad5   0x12  Code  Gb  os_flag.o [1]
OS_IdleTask                  0x23d5   0x28  Code  Gb  os_core.o [1]
OS_IdleTaskInit              0x23fd   0x50  Code  Gb  os_core.o [1]
OS_MsgPoolCreate             0x3af1   0x40  Code  Gb  os_msg.o [1]
OS_MsgPoolInit               0x3b31   0x40  Code  Gb  os_msg.o [1]
OS_MsgQFreeAll               0x3b71   0x3e  Code  Gb  os_msg.o [1]
OS_MsgQInit                  0x3baf   0x14  Code  Gb  os_msg.o [1]
OS_MutexInit                 0x3bd1   0x12  Code  Gb  os_mutex.o [1]
OS_Pend                      0x244d   0x54  Code  Gb  os_core.o [1]
OS_PendDataInit              0x24a1   0x38  Code  Gb  os_core.o [1]
OS_PendDbgNameAdd            0x24d9   0x42  Code  Gb  os_core.o [1]
OS_PendDbgNameRemove         0x251b   0x1c  Code  Gb  os_core.o [1]
OS_PendListInit              0x253d    0xe  Code  Gb  os_core.o [1]
OS_PendListInsertPrio        0x254b   0x72  Code  Gb  os_core.o [1]
OS_PendListRemove            0x25bd   0x2a  Code  Gb  os_core.o [1]
OS_PendListRemove1           0x25e7   0x48  Code  Gb  os_core.o [1]
OS_Post                      0x262f   0xc0  Code  Gb  os_core.o [1]
OS_Post1                     0x26ef   0x28  Code  Gb  os_core.o [1]
OS_PrioGetHighest            0x2cc1   0x20  Code  Gb  os_prio.o [1]
OS_PrioInit                  0x2cad   0x14  Code  Gb  os_prio.o [1]
OS_PrioInsert                0x2ce1   0x2a  Code  Gb  os_prio.o [1]
OS_PrioRemove                0x2d0b   0x2c  Code  Gb  os_prio.o [1]
OS_QDbgListAdd               0x3c6b   0x22  Code  Gb  os_q.o [1]
OS_QInit                     0x3c8d   0x12  Code  Gb  os_q.o [1]
OS_RdyListInit               0x2717   0x2a  Code  Gb  os_core.o [1]
OS_RdyListInsert             0x2741   0x28  Code  Gb  os_core.o [1]
OS_RdyListInsertHead         0x2769   0x56  Code  Gb  os_core.o [1]
OS_RdyListInsertTail         0x27bf   0x54  Code  Gb  os_core.o [1]
OS_RdyListMoveHeadToTail
                             0x2845   0x40  Code  Gb  os_core.o [1]
OS_RdyListRemove             0x2885   0x8e  Code  Gb  os_core.o [1]
OS_SchedLockTimeMeasStart
                             0x2925   0x14  Code  Gb  os_core.o [1]
OS_SchedLockTimeMeasStop
                             0x293d   0x2a  Code  Gb  os_core.o [1]
OS_SchedRoundRobin           0x296d   0xa6  Code  Gb  os_core.o [1]
OS_SemInit                   0x3cb5   0x12  Code  Gb  os_sem.o [1]
OS_StartPeriodicTask         0x4c9f   0x10  Code  Gb  OS_RecTaskServices.o [1]
OS_TaskBlock                 0x2a6d   0x38  Code  Gb  os_core.o [1]
OS_TaskDbgListAdd            0x343d   0x28  Code  Gb  os_task.o [1]
OS_TaskDbgListRemove         0x3465   0x4a  Code  Gb  os_task.o [1]
OS_TaskInit                  0x34af   0x18  Code  Gb  os_task.o [1]
OS_TaskInitTCB               0x34cd  0x10c  Code  Gb  os_task.o [1]
OS_TaskRdy                   0x2aa5   0x1a  Code  Gb  os_core.o [1]
OS_TaskReturn                0x35dd   0x14  Code  Gb  os_task.o [1]
OS_TaskSemPost               0x3601   0xd4  Code  Gb  os_task.o [1]
OS_TickListInit              0x3797   0x36  Code  Gb  os_tick.o [1]
OS_TickListInsert            0x37cd  0x11c  Code  Gb  os_tick.o [1]
OS_TickListInsertPeriodic
                             0x4c7f   0x20  Code  Gb  OS_RecTaskServices.o [1]
OS_TickListRemove            0x38e9   0x42  Code  Gb  os_tick.o [1]
OS_TickListUpdate            0x392b  0x16c  Code  Gb  os_tick.o [1]
OS_TickListUpdatePeriodic
                             0x4caf   0x90  Code  Gb  OS_RecTaskServices.o [1]
OS_TickTask                  0x36f5   0x2a  Code  Gb  os_tick.o [1]
OS_TickTaskInit              0x371f   0x78  Code  Gb  os_tick.o [1]
OS_TmrInit                   0x3cd1   0xd6  Code  Gb  os_tmr.o [1]
OS_TmrLink                   0x3da7   0xd0  Code  Gb  os_tmr.o [1]
OS_TmrTask                   0x3ec5   0xa6  Code  Gb  os_tmr.o [1]
OS_TmrUnlink                 0x3e77   0x4c  Code  Gb  os_tmr.o [1]
PWMGenConfigure              0x6975   0x28  Code  Gb  pwm.o [1]
PWMGenEnable                 0x69b1    0xa  Code  Gb  pwm.o [1]
PWMGenPeriodSet              0x699d   0x14  Code  Gb  pwm.o [1]
PWMOutputInvert              0x69f7   0x16  Code  Gb  pwm.o [1]
PWMOutputState               0x69e1   0x16  Code  Gb  pwm.o [1]
PWMPulseWidthSet             0x69bb   0x26  Code  Gb  pwm.o [1]
Region$$Table$$Base          0x7f00          --   Gb  - Linker created -
Region$$Table$$Limit         0x7f20          --   Gb  - Linker created -
Right_tgt               0x2000'22df    0x1  Data  Gb  app.o [1]
RoboTurn                     0x6eb1   0xc8  Code  Gb  app.o [1]
SysCtlClockGet               0x544f  0x200  Code  Gb  sysctl.o [1]
SysCtlClockSet               0x52ed  0x162  Code  Gb  sysctl.o [1]
SysCtlDelay                  0x52e5    0x8  Code  Gb  sysctl.o [1]
SysCtlPWMClockSet            0x564f   0x10  Code  Gb  sysctl.o [1]
SysCtlPeripheralDeepSleepDisable
                             0x52bf   0x26  Code  Gb  sysctl.o [1]
SysCtlPeripheralEnable       0x5299   0x26  Code  Gb  sysctl.o [1]
SysCtlPeripheralReset        0x5239   0x60  Code  Gb  sysctl.o [1]
_Close_all                   0x7c75   0x3c  Code  Gb  xcloseall.o [2]
_Encoding_8859_1_Mbrlen
                             0x12c1    0x2  Code  Gb  xencoding_8859_1.o [2]
_Encoding_8859_1_Wctomb
                             0x12af   0x12  Code  Gb  xencoding_8859_1.o [2]
_Files                  0x2000'016c   0x20  Data  Gb  xfiles.o [2]
_Fofree                      0x77ad   0x96  Code  Gb  xfofind.o [2]
_Fspos                       0x73bd   0xd8  Code  Gb  xfspos.o [2]
_Fwprep                      0x76d5   0xb4  Code  Gb  xfwprep.o [2]
_LitobFull                   0x102f  0x10a  Code  Lc  xprintffull.o [2]
_Locale_lconv           0x2000'0014   0x38  Data  Lc  xlocale_c.o [2]
_Nnl                         0x7541    0xc  Code  Gb  xfgpos.o [2]
_PrintfFull                   0x11d  0xcc4  Code  Gb  xprintffull.o [2]
_Prout                       0x80bd   0x16  Code  Gb  xprout.o [2]
_PutcharsFull                0x11a1   0x2e  Code  Lc  xprintffull.o [2]
_PutstrFull                   0xf6f   0xc0  Code  Lc  xprintffull.o [2]
_PuttxtFull                   0xe63  0x10c  Code  Lc  xprintffull.o [2]
__aeabi_cdcmple              0x14b5         Code  Gb  DblCmpLe.o [3]
__aeabi_cdrcmple             0x14e5         Code  Gb  DblCmpGe.o [3]
__aeabi_d2iz                 0x1651         Code  Gb  DblToS32.o [3]
__aeabi_d2uiz                0x19dd         Code  Gb  DblToU32.o [3]
__aeabi_ddiv                 0x1795         Code  Gb  DblDiv.o [3]
__aeabi_dmul                 0x1a21         Code  Gb  DblMul.o [3]
__aeabi_dsub                 0x16b1         Code  Gb  DblSub.o [3]
__aeabi_i2d                  0x168d         Code  Gb  S32ToDbl.o [3]
__aeabi_ldiv0                0x1f71         Code  Gb  I64DivZer.o [4]
__aeabi_memcpy               0x139d         Code  Gb  ABImemcpy.o [4]
__aeabi_memcpy4              0x13bd         Code  Gb  ABImemcpy.o [4]
__aeabi_memcpy8              0x13bd         Code  Gb  ABImemcpy.o [4]
__aeabi_ui2d                 0x1a05         Code  Gb  U32ToDbl.o [3]
__aeabi_uldivmod             0x1bcd         Code  Gb  I64DivMod.o [4]
__basic_free                 0x7303   0x16  Code  Gb  heap0.o [2]
__basic_free_intern          0x7319   0x74  Code  Lc  heap0.o [2]
__basic_malloc               0x7259   0x18  Code  Gb  heap0.o [2]
__basic_malloc_intern        0x7271   0x92  Code  Lc  heap0.o [2]
__cexit_closeall             0x7f6b         Code  Gb  cexit.o [4]
__close                      0x78cb   0x18  Code  Gb  close.o [5]
__cmain                      0x7f41         Code  Gb  cmain.o [4]
__cstart_closeall            0x8280         Data  Gb  cstart_closeall.o [4]
__data_GetMemChunk           0x7391   0x2c  Code  Gb  xgetmemchunk.o [2]
__data_GetMemChunk::start
                        0x2000'22cc    0x4  Data  Lc  xgetmemchunk.o [2]
__dwrite                     0x7675   0x1e  Code  Gb  dwrite.o [5]
__exit                       0x1f75   0x14  Code  Gb  exit.o [5]
__iar_Fail_s                 0x12cd   0x1c  Code  Gb  xfail_s.o [2]
__iar_Mbcurmax               0x1bc3    0xa  Code  Gb  xmbcurmax.o [2]
__iar_Memchr                 0x1345         Code  Gb  memchr.o [4]
__iar_Stderr            0x2000'0124   0x48  Data  Gb  xfiles.o [2]
__iar_Stdin             0x2000'0094   0x48  Data  Gb  xfiles.o [2]
__iar_Stdout            0x2000'00dc   0x48  Data  Gb  xfiles.o [2]
__iar_Strchr                 0x1299         Code  Gb  strchr.o [4]
__iar_close_ttio             0x1f89   0x2c  Code  Gb  iarttio.o [5]
__iar_dadd                   0x16c1         Code  Gb  DblSub.o [3]
__iar_data_init3             0x7ed9   0x28  Code  Gb  data_init.o [4]
__iar_dsub                   0x1e05         Code  Gb  DblAdd.o [3]
__iar_dsubStart              0x1e17         Code  Gb  DblAdd.o [3]
__iar_frexp                  0x1451         Code  Gb  frexp.o [3]
__iar_frexp64                0x1445         Code  Gb  frexp.o [3]
__iar_frexpl                 0x1451         Code  Gb  frexp.o [3]
__iar_get_ttio               0x1fb5   0x4c  Code  Gb  iarttio.o [5]
__iar_globLocale        0x2000'004c   0x48  Data  Lc  xlocale_c.o [2]
__iar_global_Locale          0x121d    0x4  Code  Gb  xlocale_c.o [2]
__iar_ldexp64                0x1515         Code  Gb  ldexp.o [3]
__iar_lookup_ttioh           0x2033    0x4  Code  Gb  XShttio.o [2]
__iar_lz77_init_single3
                             0x7a61   0x78  Code  Gb  lz77_init_single.o [4]
__iar_program_start          0x81b5         Code  Gb  cstartup_M.o [4]
__iar_scalbln64              0x1515         Code  Gb  ldexp.o [3]
__iar_scalbn64               0x1515         Code  Gb  ldexp.o [3]
__iar_sh_Discard             0x75a9   0x42  Code  Gb  XShHandles.o [2]
__iar_sh_Move                0x75eb   0x46  Code  Gb  XShHandles.o [2]
__iar_sh_Pos                 0x7631   0x3e  Code  Gb  XShHandles.o [2]
__iar_sh_stdout              0x7693   0x20  Code  Gb  iarwstd.o [5]
__iar_sh_write               0x76b3   0x22  Code  Gb  iarwrite.o [5]
__iar_ttio_guard_lock        0x2005   0x1e  Code  Gb  XShttio.o [2]
__iar_ttio_guard_unlock
                             0x2023   0x10  Code  Gb  XShttio.o [2]
__iar_ttio_handles      0x2000'018c    0x8  Data  Lc  XShttio.o [2]
__iar_zero_init3             0x11e3   0x3a  Code  Gb  zero_init3.o [4]
__low_level_init             0x7f5f    0x4  Code  Gb  low_level_init.o [2]
__lseek                      0x754d   0x4a  Code  Gb  lseek.o [5]
__vector_table                  0x0  0x11c  Data  Gb  app_vect.o [1]
__write                      0x7597   0x10  Code  Gb  write.o [5]
_call_main                   0x7f4d         Code  Gb  cmain.o [4]
_exit                        0x7f69         Code  Gb  cexit.o [4]
_gLocale_mblen               0x1285    0x4  Code  Gb  xlocale_c.o [2]
_gLocale_mblenInt            0x1249   0x2c  Code  Gb  xlocale_c.o [2]
_gLocale_wctomb              0x1289    0x4  Code  Gb  xlocale_c.o [2]
_gLocale_wctombInt           0x1281    0x4  Code  Gb  xlocale_c.o [2]
_main                        0x7f5b         Code  Gb  cmain.o [4]
abort                        0x1dfd    0x6  Code  Gb  abort.o [2]
addMutexToMutexList          0x5131   0x1c  Code  Gb  SCPImplementation.o [1]
baseTick                0x2000'2218    0x4  Data  Gb  app.o [1]
blockingRoot            0x2000'22c4    0x4  Data  Gb  SCPImplementation.o [1]
calculateResourceCeiling
                             0x5035   0x2e  Code  Gb  SCPImplementation.o [1]
canRun                       0x5063   0x6a  Code  Gb  SCPImplementation.o [1]
debug                   0x2000'221c    0x4  Data  Gb  binaryHeap.o [1]
deleteHeapNode               0x4681   0x18  Code  Gb  binaryHeap.o [1]
deleteNode                   0x2f29   0xd0  Code  Gb  os_task.o [1]
deleteNodeInRBTree           0x62d7   0xb4  Code  Gb  rbTree.o [1]
ebuf                    0x2000'20dc   0x50  Data  Lc  xfiles.o [2]
exit                         0x7f63    0x4  Code  Gb  exit.o [2]
fclose                       0x784d   0x7e  Code  Gb  fclose.o [2]
fflush                       0x7509   0x34  Code  Gb  fflush.o [2]
fflushOne                    0x7495   0x74  Code  Lc  fflush.o [2]
findNode                     0x462b   0x56  Code  Gb  binaryHeap.o [1]
findSibling                  0x638b   0x1e  Code  Gb  rbTree.o [1]
fixDoubleBlack               0x63cf   0xf2  Code  Gb  rbTree.o [1]
fixViolation                 0x6125   0xb0  Code  Gb  rbTree.o [1]
flag                    0x2000'2214    0x4  Data  Gb  app.o [1]
fputc                        0x7b89   0x54  Code  Gb  fputc.o [2]
free                         0x7849    0x4  Code  Gb  heaptramp0.o [2]
frexp                        0x1445         Code  Gb  frexp.o [3]
frexpl                       0x1445         Code  Gb  frexp.o [3]
fseek                        0x7789   0x24  Code  Gb  fseek.o [2]
g_pucFont                    0x707c  0x1dc  Data  Lc  bsp_display.o [1]
g_pucRITInit                 0x7bdc   0x50  Data  Lc  bsp_display.o [1]
g_pucRow1                    0x81c0    0x8  Data  Lc  bsp_display.o [1]
g_pucRow2                    0x81c8    0x8  Data  Lc  bsp_display.o [1]
g_pulDCGCRegs                0x819c    0xc  Data  Lc  sysctl.o [1]
g_pulGPIOBaseAddrs           0x7c2c   0x48  Data  Lc  gpio.o [1]
g_pulRCGCRegs                0x8190    0xc  Data  Lc  sysctl.o [1]
g_pulSRCRRegs                0x8184    0xc  Data  Lc  sysctl.o [1]
g_pulXtals                   0x7ad8   0x5c  Data  Lc  sysctl.o [1]
g_ucColumnAdjust        0x2000'0004    0x4  Data  Lc  bsp_display.o [1]
g_ulDelay               0x2000'2224    0x4  Data  Lc  bsp_display.o [1]
getBalance                   0x2ecf   0x5a  Code  Gb  os_task.o [1]
hasRedChild                  0x63a9   0x26  Code  Gb  rbTree.o [1]
heapify                      0x4699   0xe2  Code  Gb  binaryHeap.o [1]
iMove                   0x2000'0000    0x4  Data  Gb  app.o [1]
idle                    0x2000'0008    0xc  Data  Gb  SCPImplementation.o [1]
initSCP                      0x4ea5   0x1c  Code  Gb  SCPImplementation.o [1]
insertMinHeap                0x4503  0x128  Code  Gb  binaryHeap.o [1]
insertNode                   0x2ddb   0xe8  Code  Gb  os_task.o [1]
insertNodeToRBTree           0x61d5   0x2c  Code  Gb  rbTree.o [1]
ldexp                        0x1515         Code  Gb  ldexp.o [3]
ldexpl                       0x1515         Code  Gb  ldexp.o [3]
leftRotate                   0x2dbb   0x20  Code  Gb  os_task.o [1]
localeconv                   0x128d    0x4  Code  Gb  xlocale_c.o [2]
main                         0x6a0d   0x8e  Code  Gb  app.o [1]
memchr                       0x1345         Code  Gb  memchr.o [4]
mutexList               0x2000'22c0    0x4  Data  Gb  SCPImplementation.o [1]
obtainMostLeft               0x2ec3    0xc  Code  Gb  os_task.o [1]
obtainMostLeftrbNode         0x6039   0x14  Code  Gb  rbTree.o [1]
obuf                    0x2000'212c   0x50  Data  Lc  xfiles.o [2]
popSystemCeiling             0x510b   0x26  Code  Gb  SCPImplementation.o [1]
printf                       0x4dd5   0x28  Code  Gb  printf.o [2]
putchar                      0x80d5    0xc  Code  Gb  putchar.o [2]
rbInsertNode                 0x60d7   0x4e  Code  Gb  rbTree.o [1]
remove                       0x78e3   0x14  Code  Gb  remove.o [5]
removeHeldMutex              0x514d   0xb2  Code  Gb  SCPImplementation.o [1]
removeMostBottom             0x477b  0x18a  Code  Gb  binaryHeap.o [1]
rightRotate                  0x2d9b   0x20  Code  Gb  os_task.o [1]
root                    0x2000'2248    0x4  Data  Gb  OS_RecTaskServices.o [1]
rotateLeft                   0x608d   0x40  Code  Gb  rbTree.o [1]
rotateRight                  0x604d   0x40  Code  Gb  rbTree.o [1]
sFileInfo               0x2000'1f8c   0x80  Data  Lc  XShHandles.o [2]
scalbln                      0x1515         Code  Gb  ldexp.o [3]
scalblnl                     0x1515         Code  Gb  ldexp.o [3]
scalbn                       0x1515         Code  Gb  ldexp.o [3]
scalbnl                      0x1515         Code  Gb  ldexp.o [3]
scale                        0x1139   0x46  Code  Lc  xprintffull.o [2]
scpMutexPend                 0x4ef9   0x52  Code  Gb  SCPImplementation.o [1]
scpMutexPost                 0x4f4b   0xea  Code  Gb  SCPImplementation.o [1]
scpSystemCeiling        0x2000'22bc    0x4  Data  Gb  SCPImplementation.o [1]
sec_hand                0x2000'22c8    0x4  Data  Lc  xfail_s.o [2]
standardBSTDelete            0x628f   0x48  Code  Gb  rbTree.o [1]
strchr                       0x1299         Code  Gb  strchr.o [4]
strlen                       0x130d         Code  Gb  strlen.o [4]
swap                         0x60cd    0xa  Code  Gb  rbTree.o [1]
swapLeftWithRoot             0x44a3   0x30  Code  Gb  binaryHeap.o [1]
swapPlaces                   0x6201   0x8e  Code  Gb  rbTree.o [1]
swapRightWithRoot            0x44d3   0x30  Code  Gb  binaryHeap.o [1]
toAdd1                  0x2000'2208    0x4  Data  Lc  app.o [1]
toAdd2                  0x2000'220c    0x4  Data  Lc  app.o [1]
toAdd3                  0x2000'2210    0x4  Data  Lc  app.o [1]
ttio_guard              0x2000'22e9    0x1  Data  Lc  XShttio.o [2]
updateHeight                 0x2d3d   0x5e  Code  Gb  os_task.o [1]
updateNodeNumber             0x4431   0x72  Code  Gb  binaryHeap.o [1]
updateSystemCeiling          0x50cd   0x3e  Code  Gb  SCPImplementation.o [1]


[1] = C:\Users\Ben\Desktop\Software\EvalBoards\TI\LM3S9B92-EVALBOT\IAR\uCOS-III-CE4053_PG\Flash\Obj
[2] = dl7M_tlf.a
[3] = m7M_tl.a
[4] = rt7M_tl.a
[5] = shb_l.a

  30'589 bytes of readonly  code memory
   2'957 bytes of readonly  data memory
   9'962 bytes of readwrite data memory

Errors: none
Warnings: 1
